[
    {
        "wazuh": {
            "queue": 49,
            "location": "/var/log/wazuh-indexer/wazuh-cluster_index_indexing_slowlog.json",
            "message": "{\"type\":\"index_indexing_slowlog\",\"timestamp\":\"2023-07-07T16:41:01,475Z\",\"level\":\"WARN\",\"component\":\"i.i.s.index\",\"cluster.name\":\"wazuh-cluster\",\"node.name\":\"node-1\",\"message\":\"[wazuh-alerts-4.x-2023.07.04/v1yKv7V4RNaJ8j5NQFuVLA]\",\"took\":\"27.7ms\",\"took_millis\":\"27\",\"id\":\"12Q7IokBCWCnXCYjkd9d\",\"source\":\"{\\\"predecoder\\\":{\\\"hostname\\\":\\\"wazuh-server\\\",\\\"program_name\\\":\\\"sudo\\\",\\\"timestamp\\\":\\\"Jul  4 18:47:45\\\"},\\\"agent\\\":{\\\"name\\\":\\\"wazuh-server\\\",\\\"id\\\":\\\"000\\\"},\\\"manager\\\":{\\\"name\\\":\\\"wazuh-server\\\"},\\\"data\\\":{\\\"dstuser\\\":\\\"root\\\"},\\\"rule\\\":{\\\"firedtimes\\\":1,\\\"mail\\\":false,\\\"level\\\":3,\\\"pci_dss\\\":[\\\"10.2.5\\\"],\\\"hipaa\\\":[\\\"164.312.b\\\"],\\\"tsc\\\":[\\\"CC6.8\\\",\\\"CC7.2\\\",\\\"CC7.3\\\"],\\\"description\\\":\\\"PAM: Login session closed.\\\",\\\"groups\\\":[\\\"pam\\\",\\\"syslog\\\"],\\\"id\\\":\\\"5502\\\",\\\"nist_800_53\\\":[\\\"AU.14\\\",\\\"AC.7\\\"],\\\"gpg13\\\":[\\\"7.8\\\",\\\"7.9\\\"],\\\"gdpr\\\":[\\\"IV_32.2\\\"]},\\\"decoder\\\":{\\\"parent\\\":\\\"pam\\\",\\\"n\",\"cluster.uuid\":\"eOXG1FbXQB2KVUJrjJeSQQ\",\"node.id\":\"Cu8rIDeyTeiZVDWOoyubFQ\"}",
            "decoders": [
                "core-wazuh-message",
                "core-localfile",
                "integrations",
                "wazuh-indexer-slowlog"
            ],
            "source": "logcollector"
        },
        "event": {
            "original": "{\"type\":\"index_indexing_slowlog\",\"timestamp\":\"2023-07-07T16:41:01,475Z\",\"level\":\"WARN\",\"component\":\"i.i.s.index\",\"cluster.name\":\"wazuh-cluster\",\"node.name\":\"node-1\",\"message\":\"[wazuh-alerts-4.x-2023.07.04/v1yKv7V4RNaJ8j5NQFuVLA]\",\"took\":\"27.7ms\",\"took_millis\":\"27\",\"id\":\"12Q7IokBCWCnXCYjkd9d\",\"source\":\"{\\\"predecoder\\\":{\\\"hostname\\\":\\\"wazuh-server\\\",\\\"program_name\\\":\\\"sudo\\\",\\\"timestamp\\\":\\\"Jul  4 18:47:45\\\"},\\\"agent\\\":{\\\"name\\\":\\\"wazuh-server\\\",\\\"id\\\":\\\"000\\\"},\\\"manager\\\":{\\\"name\\\":\\\"wazuh-server\\\"},\\\"data\\\":{\\\"dstuser\\\":\\\"root\\\"},\\\"rule\\\":{\\\"firedtimes\\\":1,\\\"mail\\\":false,\\\"level\\\":3,\\\"pci_dss\\\":[\\\"10.2.5\\\"],\\\"hipaa\\\":[\\\"164.312.b\\\"],\\\"tsc\\\":[\\\"CC6.8\\\",\\\"CC7.2\\\",\\\"CC7.3\\\"],\\\"description\\\":\\\"PAM: Login session closed.\\\",\\\"groups\\\":[\\\"pam\\\",\\\"syslog\\\"],\\\"id\\\":\\\"5502\\\",\\\"nist_800_53\\\":[\\\"AU.14\\\",\\\"AC.7\\\"],\\\"gpg13\\\":[\\\"7.8\\\",\\\"7.9\\\"],\\\"gdpr\\\":[\\\"IV_32.2\\\"]},\\\"decoder\\\":{\\\"parent\\\":\\\"pam\\\",\\\"n\",\"cluster.uuid\":\"eOXG1FbXQB2KVUJrjJeSQQ\",\"node.id\":\"Cu8rIDeyTeiZVDWOoyubFQ\"}",
            "module": "wazuh-indexer",
            "dataset": "wazuh-indexer-slowlog",
            "created": "2023-07-07T16:41:01,475Z",
            "kind": "event",
            "category": [
                "database"
            ],
            "type": [
                "info"
            ],
            "duration": 27000000
        },
        "ecs": {
            "version": "8.8"
        },
        "@timestamp": "2023-07-07T16:41:01,475Z",
        "log": {
            "level": "WARN",
            "logger": "i.i.s.index"
        },
        "host": {
            "name": "node-1",
            "id": "Cu8rIDeyTeiZVDWOoyubFQ"
        },
        "~cluster": {
            "name": "wazuh-cluster",
            "uuid": "eOXG1FbXQB2KVUJrjJeSQQ"
        },
        "~node": {
            "name": "node-1",
            "id": "Cu8rIDeyTeiZVDWOoyubFQ"
        },
        "message": "[wazuh-alerts-4.x-2023.07.04/v1yKv7V4RNaJ8j5NQFuVLA]",
        "~slowlog": {
            "took": "27.7ms",
            "source": "{\"predecoder\":{\"hostname\":\"wazuh-server\",\"program_name\":\"sudo\",\"timestamp\":\"Jul  4 18:47:45\"},\"agent\":{\"name\":\"wazuh-server\",\"id\":\"000\"},\"manager\":{\"name\":\"wazuh-server\"},\"data\":{\"dstuser\":\"root\"},\"rule\":{\"firedtimes\":1,\"mail\":false,\"level\":3,\"pci_dss\":[\"10.2.5\"],\"hipaa\":[\"164.312.b\"],\"tsc\":[\"CC6.8\",\"CC7.2\",\"CC7.3\"],\"description\":\"PAM: Login session closed.\",\"groups\":[\"pam\",\"syslog\"],\"id\":\"5502\",\"nist_800_53\":[\"AU.14\",\"AC.7\"],\"gpg13\":[\"7.8\",\"7.9\"],\"gdpr\":[\"IV_32.2\"]},\"decoder\":{\"parent\":\"pam\",\"n",
            "id": "12Q7IokBCWCnXCYjkd9d"
        }
    },
    {
        "wazuh": {
            "queue": 49,
            "location": "/var/log/wazuh-indexer/wazuh-cluster_index_indexing_slowlog.json",
            "message": "{\"type\":\"index_indexing_slowlog\",\"timestamp\":\"2023-07-07T16:41:01,483Z\",\"level\":\"WARN\",\"component\":\"i.i.s.index\",\"cluster.name\":\"wazuh-cluster\",\"node.name\":\"node-1\",\"message\":\"[wazuh-alerts-4.x-2023.07.04/v1yKv7V4RNaJ8j5NQFuVLA]\",\"took\":\"38.8ms\",\"took_millis\":\"38\",\"id\":\"2GQ7IokBCWCnXCYjkd9d\",\"source\":\"{\\\"predecoder\\\":{\\\"hostname\\\":\\\"wazuh-server\\\",\\\"program_name\\\":\\\"su\\\",\\\"timestamp\\\":\\\"Jul  4 18:47:45\\\"},\\\"agent\\\":{\\\"name\\\":\\\"wazuh-server\\\",\\\"id\\\":\\\"000\\\"},\\\"manager\\\":{\\\"name\\\":\\\"wazuh-server\\\"},\\\"data\\\":{\\\"dstuser\\\":\\\"root\\\"},\\\"rule\\\":{\\\"firedtimes\\\":2,\\\"mail\\\":false,\\\"level\\\":3,\\\"pci_dss\\\":[\\\"10.2.5\\\"],\\\"hipaa\\\":[\\\"164.312.b\\\"],\\\"tsc\\\":[\\\"CC6.8\\\",\\\"CC7.2\\\",\\\"CC7.3\\\"],\\\"description\\\":\\\"PAM: Login session closed.\\\",\\\"groups\\\":[\\\"pam\\\",\\\"syslog\\\"],\\\"id\\\":\\\"5502\\\",\\\"nist_800_53\\\":[\\\"AU.14\\\",\\\"AC.7\\\"],\\\"gpg13\\\":[\\\"7.8\\\",\\\"7.9\\\"],\\\"gdpr\\\":[\\\"IV_32.2\\\"]},\\\"decoder\\\":{\\\"parent\\\":\\\"pam\\\",\\\"nam\",\"cluster.uuid\":\"eOXG1FbXQB2KVUJrjJeSQQ\",\"node.id\":\"Cu8rIDeyTeiZVDWOoyubFQ\"}",
            "decoders": [
                "core-wazuh-message",
                "core-localfile",
                "integrations",
                "wazuh-indexer-slowlog"
            ],
            "source": "logcollector"
        },
        "event": {
            "original": "{\"type\":\"index_indexing_slowlog\",\"timestamp\":\"2023-07-07T16:41:01,483Z\",\"level\":\"WARN\",\"component\":\"i.i.s.index\",\"cluster.name\":\"wazuh-cluster\",\"node.name\":\"node-1\",\"message\":\"[wazuh-alerts-4.x-2023.07.04/v1yKv7V4RNaJ8j5NQFuVLA]\",\"took\":\"38.8ms\",\"took_millis\":\"38\",\"id\":\"2GQ7IokBCWCnXCYjkd9d\",\"source\":\"{\\\"predecoder\\\":{\\\"hostname\\\":\\\"wazuh-server\\\",\\\"program_name\\\":\\\"su\\\",\\\"timestamp\\\":\\\"Jul  4 18:47:45\\\"},\\\"agent\\\":{\\\"name\\\":\\\"wazuh-server\\\",\\\"id\\\":\\\"000\\\"},\\\"manager\\\":{\\\"name\\\":\\\"wazuh-server\\\"},\\\"data\\\":{\\\"dstuser\\\":\\\"root\\\"},\\\"rule\\\":{\\\"firedtimes\\\":2,\\\"mail\\\":false,\\\"level\\\":3,\\\"pci_dss\\\":[\\\"10.2.5\\\"],\\\"hipaa\\\":[\\\"164.312.b\\\"],\\\"tsc\\\":[\\\"CC6.8\\\",\\\"CC7.2\\\",\\\"CC7.3\\\"],\\\"description\\\":\\\"PAM: Login session closed.\\\",\\\"groups\\\":[\\\"pam\\\",\\\"syslog\\\"],\\\"id\\\":\\\"5502\\\",\\\"nist_800_53\\\":[\\\"AU.14\\\",\\\"AC.7\\\"],\\\"gpg13\\\":[\\\"7.8\\\",\\\"7.9\\\"],\\\"gdpr\\\":[\\\"IV_32.2\\\"]},\\\"decoder\\\":{\\\"parent\\\":\\\"pam\\\",\\\"nam\",\"cluster.uuid\":\"eOXG1FbXQB2KVUJrjJeSQQ\",\"node.id\":\"Cu8rIDeyTeiZVDWOoyubFQ\"}",
            "module": "wazuh-indexer",
            "dataset": "wazuh-indexer-slowlog",
            "created": "2023-07-07T16:41:01,483Z",
            "kind": "event",
            "category": [
                "database"
            ],
            "type": [
                "info"
            ],
            "duration": 38000000
        },
        "ecs": {
            "version": "8.8"
        },
        "@timestamp": "2023-07-07T16:41:01,483Z",
        "log": {
            "level": "WARN",
            "logger": "i.i.s.index"
        },
        "host": {
            "name": "node-1",
            "id": "Cu8rIDeyTeiZVDWOoyubFQ"
        },
        "~cluster": {
            "name": "wazuh-cluster",
            "uuid": "eOXG1FbXQB2KVUJrjJeSQQ"
        },
        "~node": {
            "name": "node-1",
            "id": "Cu8rIDeyTeiZVDWOoyubFQ"
        },
        "message": "[wazuh-alerts-4.x-2023.07.04/v1yKv7V4RNaJ8j5NQFuVLA]",
        "~slowlog": {
            "took": "38.8ms",
            "source": "{\"predecoder\":{\"hostname\":\"wazuh-server\",\"program_name\":\"su\",\"timestamp\":\"Jul  4 18:47:45\"},\"agent\":{\"name\":\"wazuh-server\",\"id\":\"000\"},\"manager\":{\"name\":\"wazuh-server\"},\"data\":{\"dstuser\":\"root\"},\"rule\":{\"firedtimes\":2,\"mail\":false,\"level\":3,\"pci_dss\":[\"10.2.5\"],\"hipaa\":[\"164.312.b\"],\"tsc\":[\"CC6.8\",\"CC7.2\",\"CC7.3\"],\"description\":\"PAM: Login session closed.\",\"groups\":[\"pam\",\"syslog\"],\"id\":\"5502\",\"nist_800_53\":[\"AU.14\",\"AC.7\"],\"gpg13\":[\"7.8\",\"7.9\"],\"gdpr\":[\"IV_32.2\"]},\"decoder\":{\"parent\":\"pam\",\"nam",
            "id": "2GQ7IokBCWCnXCYjkd9d"
        }
    }
]
