[
    {
        "wazuh": {
            "queue": 102,
            "location": "[005] (vm-win7) any->EventChannel",
            "message": "{\"Message\":\"File created:\\r\\nRuleName: technique_id=T1047,technique_name=File System Permissions Weakness\\r\\nUtcTime: 2023-05-23 14:04:31.211\\r\\nProcessGuid: {4dc16835-fdbf-646c-1800-000000008000}\\r\\nProcessId: 1100\\r\\nImage: C:\\\\Windows\\\\System32\\\\svchost.exe\\r\\nTargetFilename: C:\\\\Windows\\\\Prefetch\\\\TIWORKER.EXE-FBC5D024.pf\\r\\nCreationUtcTime: 2022-06-02 16:51:00.931\",\"Event\":\"<Event xmlns='http://schemas.microsoft.com/win/2004/08/events/event'><System><Provider Name='Microsoft-Windows-Sysmon' Guid='{5770385f-c22a-43e0-bf4c-06f5698ffbd9}'/><EventID>11</EventID><Version>2</Version><Level>4</Level><Task>11</Task><Opcode>0</Opcode><Keywords>0x8000000000000000</Keywords><TimeCreated SystemTime='2023-05-23T14:04:31.2124692Z'/><EventRecordID>584909</EventRecordID><Correlation/><Execution ProcessID='2484' ThreadID='3364'/><Channel>Microsoft-Windows-Sysmon/Operational</Channel><Computer>hrmanager.ExchangeTest.com</Computer><Security UserID='S-1-5-18'/></System><EventData><Data Name='RuleName'>technique_id=T1047,technique_name=File System Permissions Weakness</Data><Data Name='UtcTime'>2023-05-23 14:04:31.211</Data><Data Name='ProcessGuid'>{4dc16835-fdbf-646c-1800-000000008000}</Data><Data Name='ProcessId'>1100</Data><Data Name='Image'>C:\\\\Windows\\\\System32\\\\svchost.exe</Data><Data Name='TargetFilename'>C:\\\\Windows\\\\Prefetch\\\\TIWORKER.EXE-FBC5D024.pf</Data><Data Name='CreationUtcTime'>2022-06-02 16:51:00.931</Data></EventData></Event>\"}",
            "origin": "EventChannel",
            "registered_ip": "any",
            "decoders": [
                "core-wazuh-message",
                "core-windows",
                "integrations",
                "windows-json",
                "windows-event-decoder",
                "windows-sysmon"
            ],
            "source": "logcollector"
        },
        "agent": {
            "id": "005",
            "name": "vm-win7",
            "type": "wazuh-agent"
        },
        "event": {
            "original": "{\"Message\":\"File created:\\r\\nRuleName: technique_id=T1047,technique_name=File System Permissions Weakness\\r\\nUtcTime: 2023-05-23 14:04:31.211\\r\\nProcessGuid: {4dc16835-fdbf-646c-1800-000000008000}\\r\\nProcessId: 1100\\r\\nImage: C:\\\\Windows\\\\System32\\\\svchost.exe\\r\\nTargetFilename: C:\\\\Windows\\\\Prefetch\\\\TIWORKER.EXE-FBC5D024.pf\\r\\nCreationUtcTime: 2022-06-02 16:51:00.931\",\"Event\":\"<Event xmlns='http://schemas.microsoft.com/win/2004/08/events/event'><System><Provider Name='Microsoft-Windows-Sysmon' Guid='{5770385f-c22a-43e0-bf4c-06f5698ffbd9}'/><EventID>11</EventID><Version>2</Version><Level>4</Level><Task>11</Task><Opcode>0</Opcode><Keywords>0x8000000000000000</Keywords><TimeCreated SystemTime='2023-05-23T14:04:31.2124692Z'/><EventRecordID>584909</EventRecordID><Correlation/><Execution ProcessID='2484' ThreadID='3364'/><Channel>Microsoft-Windows-Sysmon/Operational</Channel><Computer>hrmanager.ExchangeTest.com</Computer><Security UserID='S-1-5-18'/></System><EventData><Data Name='RuleName'>technique_id=T1047,technique_name=File System Permissions Weakness</Data><Data Name='UtcTime'>2023-05-23 14:04:31.211</Data><Data Name='ProcessGuid'>{4dc16835-fdbf-646c-1800-000000008000}</Data><Data Name='ProcessId'>1100</Data><Data Name='Image'>C:\\\\Windows\\\\System32\\\\svchost.exe</Data><Data Name='TargetFilename'>C:\\\\Windows\\\\Prefetch\\\\TIWORKER.EXE-FBC5D024.pf</Data><Data Name='CreationUtcTime'>2022-06-02 16:51:00.931</Data></EventData></Event>\"}",
            "module": "windows",
            "dataset": "sysmon",
            "start": "2023-05-23T14:04:31.2124692Z",
            "code": "11",
            "id": "11",
            "kind": "event",
            "provider": "Microsoft-Windows-Sysmon"
        },
        "ecs": {
            "version": "8.8"
        },
        "host": {
            "id": "005",
            "name": "hrmanager.ExchangeTest.com"
        },
        "log": {
            "level": "Information"
        },
        "rule": {
            "name": "technique_id=T1047,technique_name=File System Permissions Weakness"
        },
        "process": {
            "entity_id": "{4dc16835-fdbf-646c-1800-000000008000}",
            "pid": "1100",
            "executable": "C:\\\\Windows\\\\System32\\\\svchost.exe"
        },
        "file": {
            "path": "C:\\\\Windows\\\\Prefetch\\\\TIWORKER.EXE-FBC5D024.pf",
            "directory": "C:\\\\Windows\\\\Prefetch\\",
            "extension": "pf",
            "name": "TIWORKER.EXE-FBC5D024.pf"
        },
        "user": {
            "id": "S-1-5-18"
        }
    },
    {
        "wazuh": {
            "queue": 102,
            "location": "[005] (vm-win7) any->EventChannel",
            "message": "{\"Message\":\"File created:\\r\\nRuleName: -\\r\\nUtcTime: 2023-05-23 14:04:21.411\\r\\nProcessGuid: {4dc16835-fdc0-646c-1c00-000000008000}\\r\\nProcessId: 1512\\r\\nImage: C:\\\\Windows\\\\system32\\\\svchost.exe\\r\\nTargetFilename: C:\\\\Windows\\\\SoftwareDistribution\\\\Download\\\\24e8a2276eae23c74ec6e3c4b93f9a94\\\\Metadata\\\\DesktopTargetServicedCompDB_Neutral.xml.cab\\r\\nCreationUtcTime: 2023-04-27 08:43:46.000\",\"Event\":\"<Event xmlns='http://schemas.microsoft.com/win/2004/08/events/event'><System><Provider Name='Microsoft-Windows-Sysmon' Guid='{5770385f-c22a-43e0-bf4c-06f5698ffbd9}'/><EventID>11</EventID><Version>2</Version><Level>4</Level><Task>11</Task><Opcode>0</Opcode><Keywords>0x8000000000000000</Keywords><TimeCreated SystemTime='2023-05-23T14:04:21.4129644Z'/><EventRecordID>584906</EventRecordID><Correlation/><Execution ProcessID='2484' ThreadID='3364'/><Channel>Microsoft-Windows-Sysmon/Operational</Channel><Computer>hrmanager.ExchangeTest.com</Computer><Security UserID='S-1-5-18'/></System><EventData><Data Name='RuleName'>-</Data><Data Name='UtcTime'>2023-05-23 14:04:21.411</Data><Data Name='ProcessGuid'>{4dc16835-fdc0-646c-1c00-000000008000}</Data><Data Name='ProcessId'>1512</Data><Data Name='Image'>C:\\\\Windows\\\\system32\\\\svchost.exe</Data><Data Name='TargetFilename'>C:\\\\Windows\\\\SoftwareDistribution\\\\Download\\\\24e8a2276eae23c74ec6e3c4b93f9a94\\\\Metadata\\\\DesktopTargetServicedCompDB_Neutral.xml.cab</Data><Data Name='CreationUtcTime'>2023-04-27 08:43:46.000</Data></EventData></Event>\"}",
            "origin": "EventChannel",
            "registered_ip": "any",
            "decoders": [
                "core-wazuh-message",
                "core-windows",
                "integrations",
                "windows-json",
                "windows-event-decoder",
                "windows-sysmon"
            ],
            "source": "logcollector"
        },
        "agent": {
            "id": "005",
            "name": "vm-win7",
            "type": "wazuh-agent"
        },
        "event": {
            "original": "{\"Message\":\"File created:\\r\\nRuleName: -\\r\\nUtcTime: 2023-05-23 14:04:21.411\\r\\nProcessGuid: {4dc16835-fdc0-646c-1c00-000000008000}\\r\\nProcessId: 1512\\r\\nImage: C:\\\\Windows\\\\system32\\\\svchost.exe\\r\\nTargetFilename: C:\\\\Windows\\\\SoftwareDistribution\\\\Download\\\\24e8a2276eae23c74ec6e3c4b93f9a94\\\\Metadata\\\\DesktopTargetServicedCompDB_Neutral.xml.cab\\r\\nCreationUtcTime: 2023-04-27 08:43:46.000\",\"Event\":\"<Event xmlns='http://schemas.microsoft.com/win/2004/08/events/event'><System><Provider Name='Microsoft-Windows-Sysmon' Guid='{5770385f-c22a-43e0-bf4c-06f5698ffbd9}'/><EventID>11</EventID><Version>2</Version><Level>4</Level><Task>11</Task><Opcode>0</Opcode><Keywords>0x8000000000000000</Keywords><TimeCreated SystemTime='2023-05-23T14:04:21.4129644Z'/><EventRecordID>584906</EventRecordID><Correlation/><Execution ProcessID='2484' ThreadID='3364'/><Channel>Microsoft-Windows-Sysmon/Operational</Channel><Computer>hrmanager.ExchangeTest.com</Computer><Security UserID='S-1-5-18'/></System><EventData><Data Name='RuleName'>-</Data><Data Name='UtcTime'>2023-05-23 14:04:21.411</Data><Data Name='ProcessGuid'>{4dc16835-fdc0-646c-1c00-000000008000}</Data><Data Name='ProcessId'>1512</Data><Data Name='Image'>C:\\\\Windows\\\\system32\\\\svchost.exe</Data><Data Name='TargetFilename'>C:\\\\Windows\\\\SoftwareDistribution\\\\Download\\\\24e8a2276eae23c74ec6e3c4b93f9a94\\\\Metadata\\\\DesktopTargetServicedCompDB_Neutral.xml.cab</Data><Data Name='CreationUtcTime'>2023-04-27 08:43:46.000</Data></EventData></Event>\"}",
            "module": "windows",
            "dataset": "sysmon",
            "start": "2023-05-23T14:04:21.4129644Z",
            "code": "11",
            "id": "11",
            "kind": "event",
            "provider": "Microsoft-Windows-Sysmon"
        },
        "ecs": {
            "version": "8.8"
        },
        "host": {
            "id": "005",
            "name": "hrmanager.ExchangeTest.com"
        },
        "log": {
            "level": "Information"
        },
        "rule": {
            "name": "-"
        },
        "process": {
            "entity_id": "{4dc16835-fdc0-646c-1c00-000000008000}",
            "pid": "1512",
            "executable": "C:\\\\Windows\\\\system32\\\\svchost.exe"
        },
        "file": {
            "path": "C:\\\\Windows\\\\SoftwareDistribution\\\\Download\\\\24e8a2276eae23c74ec6e3c4b93f9a94\\\\Metadata\\\\DesktopTargetServicedCompDB_Neutral.xml.cab",
            "directory": "C:\\\\Windows\\\\SoftwareDistribution\\\\Download\\\\24e8a2276eae23c74ec6e3c4b93f9a94\\\\Metadata\\",
            "extension": "cab",
            "name": "DesktopTargetServicedCompDB_Neutral.xml.cab"
        },
        "user": {
            "id": "S-1-5-18"
        }
    },
    {
        "wazuh": {
            "queue": 102,
            "location": "[005] (vm-win7) any->EventChannel",
            "message": "{\"Message\":\"Registry object added or deleted:\\r\\nRuleName: technique_id=T1543,technique_name=Service Creation\\r\\nEventType: CreateKey\\r\\nUtcTime: 2023-05-23 20:15:57.418\\r\\nProcessGuid: {4dc16835-c586-646c-6d92-030000000000}\\r\\nProcessId: 3372\\r\\nImage: C:\\\\Windows\\\\system32\\\\wbem\\\\wmiprvse.exe\\r\\nTargetObject: HKLM\\\\System\\\\CurrentControlSet\\\\Services\\\\MSDTC Bridge 3.0.0.0\\\\Linkage\",\"Event\":\"<Event xmlns='http://schemas.microsoft.com/win/2004/08/events/event'><System><Provider Name='Microsoft-Windows-Sysmon' Guid='{5770385f-c22a-43e0-bf4c-06f5698ffbd9}'/><EventID>12</EventID><Version>2</Version><Level>4</Level><Task>12</Task><Opcode>0</Opcode><Keywords>0x8000000000000000</Keywords><TimeCreated SystemTime='2023-05-23T20:15:57.4193210Z'/><EventRecordID>588699</EventRecordID><Correlation/><Execution ProcessID='2484' ThreadID='3364'/><Channel>Microsoft-Windows-Sysmon/Operational</Channel><Computer>hrmanager.ExchangeTest.com</Computer><Security UserID='S-1-5-18'/></System><EventData><Data Name='RuleName'>technique_id=T1543,technique_name=Service Creation</Data><Data Name='EventType'>CreateKey</Data><Data Name='UtcTime'>2023-05-23 20:15:57.418</Data><Data Name='ProcessGuid'>{4dc16835-c586-646c-6d92-030000000000}</Data><Data Name='ProcessId'>3372</Data><Data Name='Image'>C:\\\\Windows\\\\system32\\\\wbem\\\\wmiprvse.exe</Data><Data Name='TargetObject'>HKLM\\\\System\\\\CurrentControlSet\\\\Services\\\\MSDTC Bridge 3.0.0.0\\\\Linkage</Data></EventData></Event>\"}",
            "origin": "EventChannel",
            "registered_ip": "any",
            "decoders": [
                "core-wazuh-message",
                "core-windows",
                "integrations",
                "windows-json",
                "windows-event-decoder",
                "windows-sysmon"
            ],
            "source": "logcollector"
        },
        "agent": {
            "id": "005",
            "name": "vm-win7",
            "type": "wazuh-agent"
        },
        "event": {
            "original": "{\"Message\":\"Registry object added or deleted:\\r\\nRuleName: technique_id=T1543,technique_name=Service Creation\\r\\nEventType: CreateKey\\r\\nUtcTime: 2023-05-23 20:15:57.418\\r\\nProcessGuid: {4dc16835-c586-646c-6d92-030000000000}\\r\\nProcessId: 3372\\r\\nImage: C:\\\\Windows\\\\system32\\\\wbem\\\\wmiprvse.exe\\r\\nTargetObject: HKLM\\\\System\\\\CurrentControlSet\\\\Services\\\\MSDTC Bridge 3.0.0.0\\\\Linkage\",\"Event\":\"<Event xmlns='http://schemas.microsoft.com/win/2004/08/events/event'><System><Provider Name='Microsoft-Windows-Sysmon' Guid='{5770385f-c22a-43e0-bf4c-06f5698ffbd9}'/><EventID>12</EventID><Version>2</Version><Level>4</Level><Task>12</Task><Opcode>0</Opcode><Keywords>0x8000000000000000</Keywords><TimeCreated SystemTime='2023-05-23T20:15:57.4193210Z'/><EventRecordID>588699</EventRecordID><Correlation/><Execution ProcessID='2484' ThreadID='3364'/><Channel>Microsoft-Windows-Sysmon/Operational</Channel><Computer>hrmanager.ExchangeTest.com</Computer><Security UserID='S-1-5-18'/></System><EventData><Data Name='RuleName'>technique_id=T1543,technique_name=Service Creation</Data><Data Name='EventType'>CreateKey</Data><Data Name='UtcTime'>2023-05-23 20:15:57.418</Data><Data Name='ProcessGuid'>{4dc16835-c586-646c-6d92-030000000000}</Data><Data Name='ProcessId'>3372</Data><Data Name='Image'>C:\\\\Windows\\\\system32\\\\wbem\\\\wmiprvse.exe</Data><Data Name='TargetObject'>HKLM\\\\System\\\\CurrentControlSet\\\\Services\\\\MSDTC Bridge 3.0.0.0\\\\Linkage</Data></EventData></Event>\"}",
            "module": "windows",
            "dataset": "sysmon",
            "start": "2023-05-23T20:15:57.4193210Z",
            "code": "12",
            "id": "12",
            "kind": "event",
            "provider": "Microsoft-Windows-Sysmon"
        },
        "ecs": {
            "version": "8.8"
        },
        "host": {
            "id": "005",
            "name": "hrmanager.ExchangeTest.com"
        },
        "log": {
            "level": "Information"
        },
        "rule": {
            "name": "technique_id=T1543,technique_name=Service Creation"
        },
        "process": {
            "entity_id": "{4dc16835-c586-646c-6d92-030000000000}",
            "pid": "3372",
            "executable": "C:\\\\Windows\\\\system32\\\\wbem\\\\wmiprvse.exe"
        },
        "user": {
            "id": "S-1-5-18"
        },
        "registry": {
            "path": "HKLM\\\\System\\\\CurrentControlSet\\\\Services\\\\MSDTC Bridge 3.0.0.0\\\\Linkage",
            "hive": "HKLM",
            "key": "\\System\\\\CurrentControlSet\\\\Services\\\\MSDTC Bridge 3.0.0.0\\\\Linkage",
            "value": "Linkage"
        }
    }
]
