[
  {
    "agent": {
      "id": "001",
      "name": "wazuh-agent-1",
      "type": "wazuh-agent"
    },
    "ecs": {
      "version": "8.8"
    },
    "event": {
      "category": [
        "process"
      ],
      "code": "1",
      "dataset": "sysmon",
      "id": "1",
      "kind": "event",
      "module": "windows",
      "original": "<Event xmlns=\"http://schemas.microsoft.com/win/2004/08/events/event\">\n    <System>\n      <Provider Name=\"Microsoft-Windows-Sysmon\" Guid=\"{5770385f-c22a-43e0-bf4c-06f5698ffbd9}\" />\n      <EventID>1</EventID>\n      <Version>5</Version>\n      <Level>4</Level>\n      <Task>1</Task>\n      <Opcode>0</Opcode>\n      <Keywords>0x8000000000000000</Keywords>\n      <TimeCreated SystemTime=\"2023-09-21T00:08:55.0392191Z\" />\n      <EventRecordID>13272</EventRecordID>\n      <Correlation />\n      <Execution ProcessID=\"4360\" ThreadID=\"5336\" />\n      <Channel>Microsoft-Windows-Sysmon/Operational</Channel>\n      <Computer>DESKTOP-22QKO5D</Computer>\n      <Security UserID=\"S-1-5-18\" />\n    </System>\n    <EventData>\n      <Data Name=\"RuleName\">-</Data>\n      <Data Name=\"UtcTime\">2023-09-21 00:08:55.036</Data>\n      <Data Name=\"ProcessGuid\">{23b237de-8997-650b-b207-000000002000}</Data>\n      <Data Name=\"ProcessId\">5420</Data>\n      <Data Name=\"Image\">C:\\Windows\\System32\\logman.exe</Data>\n      <Data Name=\"FileVersion\">10.0.19041.2193 (WinBuild.160101.0800)</Data>\n      <Data Name=\"Description\">Performance Log Utility</Data>\n      <Data Name=\"Product\">Microsoft速 Windows速 Operating System</Data>\n      <Data Name=\"Company\">Microsoft Corporation</Data>\n      <Data Name=\"OriginalFileName\">Logman.exe</Data>\n      <Data Name=\"CommandLine\">\"C:\\WINDOWS\\system32\\logman.exe\" stop EventLog</Data>\n      <Data Name=\"CurrentDirectory\">C:\\Users\\Positivo BGH\\Desktop\\nahuel\\</Data>\n      <Data Name=\"User\">DESKTOP-22QKO5D\\Positivo BGH</Data>\n      <Data Name=\"LogonGuid\">{23b237de-625a-650b-3418-9b0000000000}</Data>\n      <Data Name=\"LogonId\">0x9b1834</Data>\n      <Data Name=\"TerminalSessionId\">2</Data>\n      <Data Name=\"IntegrityLevel\">High</Data>\n      <Data Name=\"Hashes\">SHA1=5A0803FF099106C568D5CAE471E73593D5577238,MD5=1CB437D2AF203F5E3D87D32B2351926C,SHA256=FBE76828087D8FAF206C584E367804428A47910BBB856B4D1BA2FBF49F9AC854,IMPHASH=468AE0E85185C7B62E8740F0B95D8D25</Data>\n      <Data Name=\"ParentProcessGuid\">{23b237de-6cd1-650b-0006-000000002000}</Data>\n      <Data Name=\"ParentProcessId\">7008</Data>\n      <Data Name=\"ParentImage\">C:\\Windows\\System32\\WindowsPowerShell\\v1.0\\powershell.exe</Data>\n      <Data Name=\"ParentCommandLine\">\"C:\\Windows\\System32\\WindowsPowerShell\\v1.0\\powershell.exe\"</Data>\n      <Data Name=\"ParentUser\">DESKTOP-22QKO5D\\Positivo BGH</Data>\n    </EventData>\n  </Event>\n",
      "provider": "Microsoft-Windows-Sysmon",
      "risk_score": 21,
      "start": "2023-09-21T00:08:55.0392191Z",
      "type": [
        "start"
      ]
    },
    "file": {
      "directory": "C:\\Windows\\System32\\WindowsPowerShell\\v1.0",
      "extension": "exe",
      "name": "powershell.exe"
    },
    "host": {
      "id": "001",
      "name": "DESKTOP-22QKO5D"
    },
    "log": {
      "level": "Information"
    },
    "message": [
      "Process Create"
    ],
    "process": {
      "args": [
        "\"C:\\WINDOWS\\system32\\logman.exe\"",
        "stop",
        "EventLog"
      ],
      "command_line": "\"C:\\WINDOWS\\system32\\logman.exe\" stop EventLog",
      "entity_id": "{23b237de-8997-650b-b207-000000002000}",
      "executable": "C:\\Windows\\System32\\logman.exe",
      "hash": [
        "SHA1=5A0803FF099106C568D5CAE471E73593D5577238",
        "MD5=1CB437D2AF203F5E3D87D32B2351926C",
        "SHA256=FBE76828087D8FAF206C584E367804428A47910BBB856B4D1BA2FBF49F9AC854",
        "IMPHASH=468AE0E85185C7B62E8740F0B95D8D25"
      ],
      "name": "logman.exe",
      "parent": {
        "args": [
          "\"C:\\Windows\\System32\\WindowsPowerShell\\v1.0\\powershell.exe\""
        ],
        "command_line": "\"C:\\Windows\\System32\\WindowsPowerShell\\v1.0\\powershell.exe\"",
        "entity_id": "{23b237de-6cd1-650b-0006-000000002000}",
        "executable": "C:\\Windows\\System32\\WindowsPowerShell\\v1.0\\powershell.exe",
        "name": "powershell.exe",
        "pid": "7008"
      },
      "pe": {
        "company": "Microsoft Corporation",
        "description": "Performance Log Utility",
        "file_version": "10.0.19041.2193 (WinBuild.160101.0800)",
        "original_file_name": "Logman.exe",
        "product": "Microsoft速 Windows速 Operating System"
      },
      "pid": "5420",
      "working_directory": "C:\\Users\\Positivo BGH\\Desktop\\nahuel\\"
    },
    "related": {
      "hash": [
        "SHA1=5A0803FF099106C568D5CAE471E73593D5577238",
        "MD5=1CB437D2AF203F5E3D87D32B2351926C",
        "SHA256=FBE76828087D8FAF206C584E367804428A47910BBB856B4D1BA2FBF49F9AC854",
        "IMPHASH=468AE0E85185C7B62E8740F0B95D8D25"
      ],
      "user": [
        "Positivo BGH"
      ]
    },
    "rule": {
      "description": "Identifies attempts to disable EventLog via the logman Windows utility, PowerShell, or auditpol. This is often done by attackers in an attempt to evade detection on a system.",
      "license": "Wazuh Inc.",
      "name": "Disable Windows Event and Security Logs Using Built-in Tools"
    },
    "threat": {
      "framework": "MITRE ATT&CK",
      "tactic": {
        "id": [
          "TA0005"
        ],
        "name": [
          "Defense Evasion"
        ],
        "reference": [
          "https://attack.mitre.org/tactics/TA0005/"
        ]
      },
      "technique": {
        "id": [
          "T1070",
          "T1562"
        ],
        "name": [
          "Indicator Removal",
          "Impair Defenses"
        ],
        "reference": [
          "https://attack.mitre.org/techniques/T1070/",
          "https://attack.mitre.org/techniques/T1562/"
        ],
        "subtechnique": {
          "id": [
            "T1070.001",
            "T1562.006"
          ],
          "name": [
            "Clear Windows Event Logs",
            "Indicator Blocking"
          ],
          "reference": [
            "https://attack.mitre.org/techniques/T1070/001/",
            "https://attack.mitre.org/techniques/T1562/006/"
          ]
        }
      }
    },
    "user": {
      "domain": "DESKTOP-22QKO5D",
      "id": "S-1-5-18",
      "name": "Positivo BGH"
    },
    "vulnerability": {
      "severity": "low"
    },
    "wazuh": {
      "decoders": [
        "windows-event",
        "windows-sysmon"
      ],
      "location": "[001] (wazuh-agent-1) any->EventChannel",
      "origin": "EventChannel",
      "queue": 102,
      "registered_ip": "any",
      "source": "logcollector"
    }
  }
]
