Output:
  threat:
    tactic:
      name:
        - Defense Evasion
      id:
        - TA0005
      reference:
        - https://attack.mitre.org/tactics/TA0005/
    technique:
      id:
        - T1070
      subtechnique:
        reference:
          - https://attack.mitre.org/techniques/T1070/006/
        id:
          - T1070.006
        name:
          - Timestomp
      name:
        - Indicator Removal
      reference:
        - https://attack.mitre.org/techniques/T1070/
    framework: MITRE ATT&CK
  TestSessionID: 1
  ecs:
    version: 8.8
  event:
    code: 2
    original: <Event xmlns="http://schemas.microsoft.com/win/2004/08/events/event"><System><Provider Name="Microsoft-Windows-Sysmon" Guid="{5770385f-c22a-43e0-bf4c-06f5698ffbd9}"/><EventID>2</EventID><Version>5</Version><Level>4</Level><Task>2</Task><Opcode>0</Opcode><Keywords>0x8000000000000000</Keywords><TimeCreated SystemTime="2023-09-21T02:08:36.3387598Z"/><EventRecordID>13473</EventRecordID><Correlation/><Execution ProcessID="4360" ThreadID="5336"/><Channel>Microsoft-Windows-Sysmon/Operational</Channel><Computer>DESKTOP-22QKO5D</Computer><Security UserID="S-1-5-18"/></System><EventData><Data Name="RuleName">T1099</Data><Data Name="UtcTime">2023-09-21 02:08:36.328</Data><Data Name="ProcessGuid">{23b237de-6cd1-650b-0006-000000002000}</Data><Data Name="ProcessId">7008</Data><Data Name="Image">C:\Windows\System32\WindowsPowerShell\v1.0\powershell.exe</Data><Data Name="TargetFilename">C:\Users\prueba.exe</Data><Data Name="CreationUtcTime">1997-01-06 22:00:00.000</Data><Data Name="PreviousCreationUtcTime">2023-09-21 02:07:09.460</Data><Data Name="User">DESKTOP-22QKO5D\Positivo BGH</Data></EventData></Event>
    module: windows
    id: 2
    dataset: sysmon
    category:
      - file
    type:
      - change
    kind: event
    risk_score: 47
    provider: Microsoft-Windows-Sysmon
    start: 2023-09-21T02:08:36.3387598Z
  agent:
    name: WIN-8I36CR3738L
    id: 001
    type: wazuh-agent
  related:
    user:
      - Positivo BGH
  user:
    domain: DESKTOP-22QKO5D
    id: S-1-5-18
    name: Positivo BGH
  host:
    id: 001
    name: DESKTOP-22QKO5D
  process:
    executable: C:\Windows\System32\WindowsPowerShell\v1.0\powershell.exe
    name: powershell.exe
    parent:
      name: powershell.exe
    entity_id: "{23b237de-6cd1-650b-0006-000000002000}"
    pid: 7008
  file:
    extension: exe
    name: prueba.exe
    directory: C:\Users
    path: C:\Users\prueba.exe
  log:
    level: Information
  file_extension_not_allowed:
    - hola
  wazuh:
    source: logcollector
    registered_ip: any
    queue: 102
    decoders:
      - windows-event
      - windows-sysmon
    location: "[001] (WIN-8I36CR3738L) any->EventChannel"
    origin: EventChannel
  vulnerability:
    severity: medium
  rule:
    name: File Creation Time Changed
    license: Wazuh Inc.
    description: Identifies modification of a file creation time. Adversaries may modify file time attributes to blend malicious content with existing files. Timestomping is a technique that modifies the timestamps of a file often to mimic files that are in trusted directories.
