[
  {
    "log": {
      "level": "Information"
    },
    "vulnerability": {
      "severity": "medium"
    },
    "wazuh": {
      "origin": "EventChannel",
      "registered_ip": "any",
      "source": "logcollector",
      "queue": 102,
      "location": "[001] (wazuh-agent-1) any->EventChannel",
      "decoders": [
        "windows-event",
        "windows-sysmon"
      ]
    },
    "event": {
      "provider": "Microsoft-Windows-Sysmon",
      "dataset": "sysmon",
      "module": "windows",
      "id": "23",
      "code": "23",
      "kind": "event",
      "original": "<Event xmlns=\"http://schemas.microsoft.com/win/2004/08/events/event\">\n    <System>\n      <Provider Name=\"Microsoft-Windows-Sysmon\" Guid=\"{5770385f-c22a-43e0-bf4c-06f5698ffbd9}\" />\n      <EventID>23</EventID>\n      <Version>5</Version>\n      <Level>4</Level>\n      <Task>23</Task>\n      <Opcode>0</Opcode>\n      <Keywords>0x8000000000000000</Keywords>\n      <TimeCreated SystemTime=\"2023-09-16T23:16:03.9863345Z\" />\n      <EventRecordID>2444</EventRecordID>\n      <Correlation />\n      <Execution ProcessID=\"5236\" ThreadID=\"5684\" />\n      <Channel>Microsoft-Windows-Sysmon/Operational</Channel>\n      <Computer>DESKTOP-8UVR214</Computer>\n      <Security UserID=\"S-1-5-18\" />\n    </System>\n    <EventData>\n      <Data Name=\"RuleName\">-</Data>\n      <Data Name=\"UtcTime\">2023-09-16 23:16:03.985</Data>\n      <Data Name=\"ProcessGuid\">{7100ab27-350d-6506-912a-000000001200}</Data>\n      <Data Name=\"ProcessId\">10328</Data>\n      <Data Name=\"User\">DESKTOP-8UVR214\\nahuel</Data>\n      <Data Name=\"Image\">C:\\Users\\nahuel\\Desktop\\nahuel\\Apache24\\bin\\httpd.exe</Data>\n      <Data Name=\"TargetFilename\">C:\\inetpub\\logs\\LogFiles\\access.log</Data>\n      <Data Name=\"Hashes\">MD5=55BFEBE68443611320A8A70C7DFD5D56,SHA256=5809ABFE5219B046AF113536279F8B16F9D6A5A3E63417BAE6E1202A3E958C33,IMPHASH=00000000000000000000000000000000</Data>\n      <Data Name=\"IsExecutable\">false</Data>\n      <Data Name=\"Archived\">true</Data>\n    </EventData>\n  </Event>\n",
      "type": [
        "deletion"
      ],
      "category": [
        "file"
      ],
      "start": "2023-09-16T23:16:03.9863345Z",
      "risk_score": 47
    },
    "ecs": {
      "version": "8.8"
    },
    "user": {
      "domain": "DESKTOP-8UVR214",
      "id": "S-1-5-18",
      "name": "nahuel"
    },
    "rule": {
      "license": "Wazuh Inc.",
      "description": "Identifies the deletion of WebServer access logs. This may indicate an attempt to evade detection or destroy forensic evidence on a system.",
      "name": "WebServer Access Logs Deleted"
    },
    "sysmon": {
      "file": {
        "archived": "true",
        "is_executable": "false"
      }
    },
    "host": {
      "id": "001",
      "name": "DESKTOP-8UVR214"
    },
    "agent": {
      "id": "001",
      "type": "wazuh-agent",
      "name": "wazuh-agent-1"
    },
    "file": {
      "directory": "C:\\inetpub\\logs\\LogFiles",
      "name": "access.log",
      "path": "C:\\inetpub\\logs\\LogFiles\\access.log",
      "extension": "log"
    },
    "related": {
      "user": [
        "nahuel"
      ],
      "hash": [
        "MD5=55BFEBE68443611320A8A70C7DFD5D56",
        "SHA256=5809ABFE5219B046AF113536279F8B16F9D6A5A3E63417BAE6E1202A3E958C33",
        "IMPHASH=00000000000000000000000000000000"
      ]
    },
    "process": {
      "parent": {
        "name": "httpd.exe"
      },
      "hash": [
        "MD5=55BFEBE68443611320A8A70C7DFD5D56",
        "SHA256=5809ABFE5219B046AF113536279F8B16F9D6A5A3E63417BAE6E1202A3E958C33",
        "IMPHASH=00000000000000000000000000000000"
      ],
      "executable": "C:\\Users\\nahuel\\Desktop\\nahuel\\Apache24\\bin\\httpd.exe",
      "entity_id": "{7100ab27-350d-6506-912a-000000001200}",
      "name": "httpd.exe",
      "pid": "10328"
    },
    "threat": {
      "tactic": {
        "id": [
          "TA0005"
        ],
        "reference": [
          "https://attack.mitre.org/tactics/TA0005/"
        ],
        "name": [
          "Defense Evasion"
        ]
      },
      "technique": {
        "id": [
          "T1070"
        ],
        "name": [
          "Indicator Removal"
        ],
        "reference": [
          "https://attack.mitre.org/techniques/T1070/"
        ]
      },
      "framework": "MITRE ATT&CK"
    },
    "message": [
      "File Delete archived"
    ]
  }
]
