[
  {
    "agent": {
      "id": "001",
      "name": "wazuh-agent-1",
      "type": "wazuh-agent"
    },
    "event": {
      "action": "changed-distribution-group-account",
      "category": [
        "iam"
      ],
      "code": "4750",
      "dataset": "security",
      "id": "4750",
      "kind": "event",
      "module": "security",
      "provider": "Microsoft-Windows-Security-Auditing",
      "start": "2015-08-14T16:38:37.902710700Z",
      "type": [
        "group",
        "change"
      ]
    },
    "group": {
      "domain": "CONTOSO",
      "id": "S-1-5-21-3457937927-2839227994-823803824-6119",
      "name": "ServiceDeskMain"
    },
    "host": {
      "id": "001",
      "name": "DC01.contoso.local"
    },
    "message": "A security-disabled global group was changed",
    "related": {
      "user": [
        "dadmin"
      ]
    },
    "user": {
      "domain": "CONTOSO",
      "id": "S-1-5-21-3457937927-2839227994-823803824-1104",
      "name": "dadmin"
    },
    "wazuh": {
      "decoders": [
        "windows-event",
        "windows-security"
      ],
      "location": "[001] (wazuh-agent-1) any->EventChannel",
      "origin": "EventChannel",
      "queue": 102,
      "registered_ip": "any",
      "source": "logcollector"
    }
  }
]
