[
    {
        "agent": {
            "id": "001",
            "name": "wazuh-agent-1",
            "type": "wazuh-agent"
        },
        "event": {
            "action": "auditlog-archieved",
            "category": [
                "iam"
            ],
            "code": "1105",
            "dataset": "security",
            "id": "1105",
            "kind": "event",
            "module": "security",
            "provider": "Microsoft-Windows-Eventlog",
            "start": "2020-12-07T16:12:34.123456Z",
            "type": [
                "admin"
            ]
        },
        "host": {
            "id": "001",
            "name": "WIN-TEST.testd.local"
        },
        "message": "Event log automatic backup",
        "wazuh": {
            "decoders": [
                "windows-event",
                "windows-security"
            ],
            "location": "[001] (wazuh-agent-1) any->EventChannel",
            "origin": "EventChannel",
            "queue": 102,
            "registered_ip": "any",
            "source": "logcollector"
        }
    }
]
