[
  {
    "agent": {
      "id": "001",
      "name": "wazuh-agent-1",
      "type": "wazuh-agent"
    },
    "event": {
      "action": "kerberos-preauth-failed",
      "category": [
        "authentication"
      ],
      "code": "4771",
      "dataset": "security",
      "id": "4771",
      "kind": "event",
      "module": "security",
      "provider": "Microsoft-Windows-Security-Auditing",
      "start": "2015-08-07T18:10:21.495462300Z",
      "type": [
        "start"
      ]
    },
    "host": {
      "id": "001",
      "name": "DC01.contoso.local"
    },
    "message": "Kerberos pre-authentication failed",
    "related": {
      "ip": [
        "::ffff:10.0.0.12"
      ],
      "user": [
        "dadmin"
      ]
    },
    "service": {
      "name": "krbtgt/CONTOSO.LOCAL"
    },
    "source": {
      "ip": "::ffff:10.0.0.12",
      "port": 49254
    },
    "user": {
      "id": "S-1-5-21-3457937927-2839227994-823803824-1104",
      "name": "dadmin",
      "target": {
        "id": "S-1-5-21-3457937927-2839227994-823803824-1104",
        "name": "dadmin"
      }
    },
    "wazuh": {
      "decoders": [
        "windows-event",
        "windows-security"
      ],
      "location": "[001] (wazuh-agent-1) any->EventChannel",
      "origin": "EventChannel",
      "queue": 102,
      "registered_ip": "any",
      "source": "logcollector"
    }
  }
]
