[
    {
        "TestSessionID": 5,
        "agent": {
            "id": "001",
            "name": "wazuh-agent-1",
            "type": "wazuh-agent"
        },
        "event": {
            "action": "domain-trust-added",
            "category": [
                "configuration"
            ],
            "code": "4706",
            "dataset": "security",
            "id": "4706",
            "kind": "event",
            "module": "security",
            "provider": "Microsoft-Windows-Security-Auditing",
            "start": "2015-10-01T20:41:13.189445500Z",
            "type": [
                "creation"
            ]
        },
        "host": {
            "id": "001",
            "name": "DC01.contoso.local"
        },
        "message": "A new trust was created to a domain",
        "related": {
            "user": [
                "dadmin"
            ]
        },
        "user": {
            "domain": "CONTOSO",
            "id": "S-1-5-21-3457937927-2839227994-823803824-1104",
            "name": "dadmin"
        },
        "wazuh": {
            "decoders": [
                "windows-event",
                "windows-security"
            ],
            "location": "[001] (wazuh-agent-1) any->EventChannel",
            "origin": "EventChannel",
            "queue": 102,
            "registered_ip": "any",
            "source": "logcollector"
        }
    }
]
