[
  {
    "agent": {
      "id": "001",
      "name": "wazuh-agent-1",
      "type": "wazuh-agent"
    },
    "event": {
      "action": "privileged-operation",
      "category": [
        "iam"
      ],
      "code": "4674",
      "dataset": "security",
      "id": "4674",
      "kind": "event",
      "module": "security",
      "provider": "Microsoft-Windows-Security-Auditing",
      "start": "2015-10-09T00:22:36.237816000Z",
      "type": [
        "admin"
      ]
    },
    "host": {
      "id": "001",
      "name": "DC01.contoso.local"
    },
    "message": "An operation was attempted on a privileged object",
    "process": {
      "executable": "C:\\\\Windows\\\\System32\\\\lsass.exe",
      "name": "lsass.exe",
      "pid": 496
    },
    "related": {
      "user": [
        "LOCAL SERVICE"
      ]
    },
    "user": {
      "domain": "NT AUTHORITY",
      "id": "S-1-5-19",
      "name": "LOCAL SERVICE"
    },
    "wazuh": {
      "decoders": [
        "windows-event",
        "windows-security"
      ],
      "location": "[001] (wazuh-agent-1) any->EventChannel",
      "origin": "EventChannel",
      "queue": 102,
      "registered_ip": "any",
      "source": "logcollector"
    }
  }
]
