[
  {
    "agent": {
      "id": "001",
      "name": "wazuh-agent-1",
      "type": "wazuh-agent"
    },
    "event": {
      "action": "credential-validated",
      "category": [
        "authentication"
      ],
      "code": "4776",
      "dataset": "security",
      "id": "4776",
      "kind": "event",
      "module": "security",
      "provider": "Microsoft-Windows-Security-Auditing",
      "start": "2015-07-25T04:38:11.003163100Z",
      "type": [
        "start"
      ]
    },
    "host": {
      "id": "001",
      "name": "DC01.contoso.local"
    },
    "message": "The domain controller attempted to validate the credentials for an account",
    "related": {
      "user": [
        "dadmin"
      ]
    },
    "user": {
      "name": "dadmin",
      "target": {
        "name": "dadmin"
      }
    },
    "wazuh": {
      "decoders": [
        "windows-event",
        "windows-security"
      ],
      "location": "[001] (wazuh-agent-1) any->EventChannel",
      "origin": "EventChannel",
      "queue": 102,
      "registered_ip": "any",
      "source": "logcollector"
    }
  }
]
