[
  {
    "agent": {
      "id": "001",
      "name": "wazuh-agent-1",
      "type": "wazuh-agent"
    },
    "event": {
      "action": "kerberos-service-ticket-renewed",
      "category": [
        "authentication"
      ],
      "code": "4770",
      "dataset": "security",
      "id": "4770",
      "kind": "event",
      "module": "security",
      "provider": "Microsoft-Windows-Security-Auditing",
      "start": "2015-08-07T03:26:23.466552900Z",
      "type": [
        "start"
      ]
    },
    "host": {
      "id": "001",
      "name": "DC01.contoso.local"
    },
    "message": "A Kerberos service ticket was renewed",
    "related": {
      "ip": [
        "::ffff:10.0.0.12"
      ],
      "user": [
        "WIN2008R2$@CONTOSO.LOCAL"
      ]
    },
    "service": {
      "name": "krbtgt"
    },
    "source": {
      "ip": "::ffff:10.0.0.12",
      "port": 49964
    },
    "user": {
      "domain": "CONTOSO.LOCAL",
      "name": "WIN2008R2$@CONTOSO.LOCAL",
      "target": {
        "domain": "CONTOSO.LOCAL",
        "name": "WIN2008R2$@CONTOSO.LOCAL"
      }
    },
    "wazuh": {
      "decoders": [
        "windows-event",
        "windows-security"
      ],
      "location": "[001] (wazuh-agent-1) any->EventChannel",
      "origin": "EventChannel",
      "queue": 102,
      "registered_ip": "any",
      "source": "logcollector"
    }
  }
]
