[
  {
    "agent": {
      "id": "001",
      "name": "wazuh-agent-1",
      "type": "wazuh-agent"
    },
    "event": {
      "action": "kerberos-policy-changed",
      "category": [
        "configuration"
      ],
      "code": "4713",
      "dataset": "security",
      "id": "4713",
      "kind": "event",
      "module": "security",
      "provider": "Microsoft-Windows-Security-Auditing",
      "start": "2015-10-01T23:15:50.811774300Z",
      "type": [
        "change"
      ]
    },
    "host": {
      "id": "001",
      "name": "DC01.contoso.local"
    },
    "message": "Kerberos policy was changed",
    "related": {
      "user": [
        "DC01$"
      ]
    },
    "user": {
      "domain": "CONTOSO",
      "id": "S-1-5-18",
      "name": "DC01$"
    },
    "wazuh": {
      "decoders": [
        "windows-event",
        "windows-security"
      ],
      "location": "[001] (wazuh-agent-1) any->EventChannel",
      "origin": "EventChannel",
      "queue": 102,
      "registered_ip": "any",
      "source": "logcollector"
    }
  }
]
