[
    {
        "TestSessionID": 9,
        "agent": {
            "id": "001",
            "name": "wazuh-agent-1",
            "type": "wazuh-agent"
        },
        "event": {
            "action": "logging-full",
            "category": [
                "iam"
            ],
            "code": "1104",
            "dataset": "security",
            "id": "1104",
            "kind": "event",
            "module": "security",
            "original": "<Event xmlns=\"http://schemas.microsoft.com/win/2004/08/events/event\">\n  <System>\n    <Provider Name=\"Microsoft-Windows-Eventlog\" Guid=\"{fc65ddd8-d6ef-4962-83d5-6e5cfe9ce148}\">\n    </Provider>\n    <EventID>1104</EventID>\n    <Version>0</Version>\n    <Level>2</Level>\n    <Task>101</Task>\n    <Opcode>0</Opcode>\n    <Keywords>0x4020000000000000</Keywords>\n    <TimeCreated SystemTime=\"2024-10-08T01:23:45.123456Z\">\n    </TimeCreated>\n    <EventRecordID>19352</EventRecordID>\n    <Correlation>\n    </Correlation>\n    <Execution ProcessID=\"123\" ThreadID=\"1234\">\n    </Execution>\n    <Channel>Security</Channel>\n    <Computer>WIN-TEST.TESTD.local</Computer>\n    <Security>\n    </Security>\n  </System>\n  <UserData>\n    <FileIsFull xmlns=\"http://manifests.microsoft.com/win/2004/08/windows/eventlog\">\n    </FileIsFull>\n  </UserData>\n</Event>\n",
            "provider": "Microsoft-Windows-Eventlog",
            "start": "2024-10-08T01:23:45.123456Z",
            "type": [
                "admin"
            ]
        },
        "host": {
            "id": "001",
            "name": "WIN-TEST.TESTD.local"
        },
        "message": "The security Log is now full",
        "wazuh": {
            "decoders": [
                "windows-event",
                "windows-security"
            ],
            "location": "[001] (wazuh-agent-1) any->EventChannel",
            "origin": "EventChannel",
            "queue": 102,
            "registered_ip": "any",
            "source": "logcollector"
        }
    }
]