[
  {
    "agent": {
      "id": "001",
      "name": "wazuh-agent-1",
      "type": "wazuh-agent"
    },
    "event": {
      "action": "session-disconnected",
      "category": [
        "authentication",
        "session"
      ],
      "code": "4779",
      "dataset": "security",
      "id": "4779",
      "kind": "event",
      "module": "security",
      "provider": "Microsoft-Windows-Security-Auditing",
      "start": "2015-09-10T23:04:41.044489800Z",
      "type": [
        "end"
      ]
    },
    "host": {
      "id": "001",
      "name": "DC01.contoso.local"
    },
    "message": "A session was disconnected from a Window Station",
    "related": {
      "ip": [
        "10.0.0.100"
      ],
      "user": [
        "ladmin"
      ]
    },
    "source": {
      "domain": "WIN81",
      "ip": "10.0.0.100"
    },
    "user": {
      "domain": "CONTOSO",
      "name": "ladmin"
    },
    "wazuh": {
      "decoders": [
        "windows-event",
        "windows-security"
      ],
      "location": "[001] (wazuh-agent-1) any->EventChannel",
      "origin": "EventChannel",
      "queue": 102,
      "registered_ip": "any",
      "source": "logcollector"
    }
  }
]
