[
  {
    "agent": {
      "id": "001",
      "name": "wazuh-agent-1",
      "type": "wazuh-agent"
    },
    "event": {
      "action": "modified-user-account",
      "category": [
        "iam"
      ],
      "code": "4738",
      "dataset": "security",
      "id": "4738",
      "kind": "event",
      "module": "security",
      "provider": "Microsoft-Windows-Security-Auditing",
      "start": "2015-08-20T16:22:02.792454100Z",
      "type": [
        "user",
        "change"
      ]
    },
    "host": {
      "id": "001",
      "name": "DC01.contoso.local"
    },
    "message": "A user account was changed",
    "related": {
      "user": [
        "dadmin",
        "ksmith"
      ]
    },
    "user": {
      "domain": "CONTOSO",
      "id": "S-1-5-21-3457937927-2839227994-823803824-1104",
      "name": "dadmin",
      "target": {
        "domain": "CONTOSO",
        "id": "S-1-5-21-3457937927-2839227994-823803824-6609",
        "name": "ksmith"
      }
    },
    "wazuh": {
      "decoders": [
        "windows-event",
        "windows-security"
      ],
      "location": "[001] (wazuh-agent-1) any->EventChannel",
      "origin": "EventChannel",
      "queue": 102,
      "registered_ip": "any",
      "source": "logcollector"
    }
  }
]
