[
  {
    "agent": {
      "id": "001",
      "name": "wazuh-agent-1",
      "type": "wazuh-agent"
    },
    "event": {
      "action": "logging-service-shutdown",
      "category": [
        "process"
      ],
      "code": "1100",
      "dataset": "security",
      "id": "1100",
      "kind": "event",
      "module": "security",
      "provider": "Microsoft-Windows-Eventlog",
      "start": "2023-11-07T10:12:04.123456Z",
      "type": [
        "end"
      ]
    },
    "host": {
      "id": "001",
      "name": "WIN-TEST.local"
    },
    "message": "The event logging service has shut down",
    "wazuh": {
      "decoders": [
        "windows-event",
        "windows-security"
      ],
      "location": "[001] (wazuh-agent-1) any->EventChannel",
      "origin": "EventChannel",
      "queue": 102,
      "registered_ip": "any",
      "source": "logcollector"
    }
  }
]