[
  {
    "agent": {
      "id": "001",
      "name": "wazuh-agent-1",
      "type": "wazuh-agent"
    },
    "event": {
      "action": "network-share-object-access-checked",
      "category": [
        "network",
        "file"
      ],
      "code": "5145",
      "dataset": "security",
      "id": "5145",
      "kind": "event",
      "module": "security",
      "provider": "Microsoft-Windows-Security-Auditing",
      "start": "2015-09-17T23:54:48.941761700Z",
      "type": [
        "info",
        "access"
      ]
    },
    "file": {
      "directory": "\\\\??\\\\C:\\\\Documents",
      "extension": "exe",
      "name": "Bginfo.exe",
      "path": "\\\\??\\\\C:\\\\Documents'\\'Bginfo.exe",
      "target_path": "\\\\\\\\\\*\\\\Documents'\\'Bginfo.exe"
    },
    "host": {
      "id": "001",
      "name": "DC01.contoso.local"
    },
    "message": "A network share object was checked to see whether client can be granted desired access",
    "related": {
      "ip": [
        "fe80::31ea:6c3c:f40d:1973"
      ],
      "user": [
        "dadmin"
      ]
    },
    "source": {
      "ip": "fe80::31ea:6c3c:f40d:1973",
      "port": 56926
    },
    "user": {
      "domain": "CONTOSO",
      "id": "S-1-5-21-3457937927-2839227994-823803824-1104",
      "name": "dadmin"
    },
    "wazuh": {
      "decoders": [
        "windows-event",
        "windows-security"
      ],
      "location": "[001] (wazuh-agent-1) any->EventChannel",
      "origin": "EventChannel",
      "queue": 102,
      "registered_ip": "any",
      "source": "logcollector"
    }
  }
]
