[
  {
    "agent": {
      "id": "001",
      "name": "wazuh-agent-1",
      "type": "wazuh-agent"
    },
    "event": {
      "action": "audit-setting-changed",
      "category": [
        "iam",
        "configuration"
      ],
      "code": "4907",
      "dataset": "security",
      "id": "4907",
      "kind": "event",
      "module": "security",
      "provider": "Microsoft-Windows-Security-Auditing",
      "start": "2015-10-01T18:18:19.458828800Z",
      "type": [
        "admin",
        "change"
      ]
    },
    "host": {
      "id": "001",
      "name": "DC01.contoso.local"
    },
    "message": "Auditing settings on object were changed",
    "process": {
      "executable": "C:\\\\Windows\\\\regedit.exe",
      "name": "regedit.exe",
      "pid": 4620
    },
    "related": {
      "user": [
        "dadmin"
      ]
    },
    "user": {
      "domain": "CONTOSO",
      "id": "S-1-5-21-3457937927-2839227994-823803824-1104",
      "name": "dadmin"
    },
    "wazuh": {
      "decoders": [
        "windows-event",
        "windows-security"
      ],
      "location": "[001] (wazuh-agent-1) any->EventChannel",
      "origin": "EventChannel",
      "queue": 102,
      "registered_ip": "any",
      "source": "logcollector"
    }
  }
]
