[
    {
        "wazuh": {
            "queue": 49,
            "location": "[002] (202-u20-dev-agent) any->/var/log/syslog",
            "message": "Jun  7 03:08:51 202-u20-dev-agent sysmon: <Event><System><Provider Name=\"Linux-Sysmon\" Guid=\"{ff032593-a8d3-4f13-b0d6-01fc615a0f97}\"/><EventID>3</EventID><Version>5</Version><Level>4</Level><Task>3</Task><Opcode>0</Opcode><Keywords>0x8000000000000000</Keywords><TimeCreated SystemTime=\"2023-06-07T03:08:51.879804000Z\"/><EventRecordID>20363</EventRecordID><Correlation/><Execution ProcessID=\"5856\" ThreadID=\"5856\"/><Channel>Linux-Sysmon/Operational</Channel><Computer>202-u20-dev-agent</Computer><Security UserId=\"0\"/></System><EventData><Data Name=\"RuleName\">-</Data><Data Name=\"UtcTime\">2023-06-07 03:08:51.887</Data><Data Name=\"ProcessGuid\">{924935dc-6e7a-647f-4128-ad8fc0550000}</Data><Data Name=\"ProcessId\">745</Data><Data Name=\"Image\">/usr/lib/systemd/systemd-networkd</Data><Data Name=\"User\">systemd-network</Data><Data Name=\"Protocol\">udp</Data><Data Name=\"Initiated\">false</Data><Data Name=\"SourceIsIpv6\">true</Data><Data Name=\"SourceIp\">0:0:0:0:0:0:0:0</Data><Data Name=\"SourceHostname\">-</Data><Data Name=\"SourcePort\">0</Data><Data Name=\"SourcePortName\">-</Data><Data Name=\"DestinationIsIpv6\">true</Data><Data Name=\"DestinationIp\">fe80:0:0:0:a00:27ff:fee3:816e</Data><Data Name=\"DestinationHostname\">-</Data><Data Name=\"DestinationPort\">546</Data><Data Name=\"DestinationPortName\">-</Data></EventData></Event>",
            "origin": "/var/log/syslog",
            "registered_ip": "any",
            "decoders": [
                "core-wazuh-message",
                "core-localfile",
                "integrations",
                "syslog",
                "sysmon-linux"
            ],
            "source": "logcollector"
        },
        "agent": {
            "id": "002",
            "name": "202-u20-dev-agent",
            "type": "wazuh"
        },
        "event": {
            "original": "Jun  7 03:08:51 202-u20-dev-agent sysmon: <Event><System><Provider Name=\"Linux-Sysmon\" Guid=\"{ff032593-a8d3-4f13-b0d6-01fc615a0f97}\"/><EventID>3</EventID><Version>5</Version><Level>4</Level><Task>3</Task><Opcode>0</Opcode><Keywords>0x8000000000000000</Keywords><TimeCreated SystemTime=\"2023-06-07T03:08:51.879804000Z\"/><EventRecordID>20363</EventRecordID><Correlation/><Execution ProcessID=\"5856\" ThreadID=\"5856\"/><Channel>Linux-Sysmon/Operational</Channel><Computer>202-u20-dev-agent</Computer><Security UserId=\"0\"/></System><EventData><Data Name=\"RuleName\">-</Data><Data Name=\"UtcTime\">2023-06-07 03:08:51.887</Data><Data Name=\"ProcessGuid\">{924935dc-6e7a-647f-4128-ad8fc0550000}</Data><Data Name=\"ProcessId\">745</Data><Data Name=\"Image\">/usr/lib/systemd/systemd-networkd</Data><Data Name=\"User\">systemd-network</Data><Data Name=\"Protocol\">udp</Data><Data Name=\"Initiated\">false</Data><Data Name=\"SourceIsIpv6\">true</Data><Data Name=\"SourceIp\">0:0:0:0:0:0:0:0</Data><Data Name=\"SourceHostname\">-</Data><Data Name=\"SourcePort\">0</Data><Data Name=\"SourcePortName\">-</Data><Data Name=\"DestinationIsIpv6\">true</Data><Data Name=\"DestinationIp\">fe80:0:0:0:a00:27ff:fee3:816e</Data><Data Name=\"DestinationHostname\">-</Data><Data Name=\"DestinationPort\">546</Data><Data Name=\"DestinationPortName\">-</Data></EventData></Event>",
            "start": "2023-06-07T03:08:51.879804000Z",
            "kind": "event",
            "module": "sysmon-linux",
            "dataset": "sysmon",
            "code": "3",
            "category": [
                "network"
            ],
            "type": [
                "start",
                "connection",
                "protocol"
            ],
            "action": "network_connection",
            "outcome": "success",
            "provider": "Linux-Sysmon"
        },
        "host": {
            "id": "002",
            "hostname": "202-u20-dev-agent",
            "name": "202-u20-dev-agent"
        },
        "message": "<Event><System><Provider Name=\"Linux-Sysmon\" Guid=\"{ff032593-a8d3-4f13-b0d6-01fc615a0f97}\"/><EventID>3</EventID><Version>5</Version><Level>4</Level><Task>3</Task><Opcode>0</Opcode><Keywords>0x8000000000000000</Keywords><TimeCreated SystemTime=\"2023-06-07T03:08:51.879804000Z\"/><EventRecordID>20363</EventRecordID><Correlation/><Execution ProcessID=\"5856\" ThreadID=\"5856\"/><Channel>Linux-Sysmon/Operational</Channel><Computer>202-u20-dev-agent</Computer><Security UserId=\"0\"/></System><EventData><Data Name=\"RuleName\">-</Data><Data Name=\"UtcTime\">2023-06-07 03:08:51.887</Data><Data Name=\"ProcessGuid\">{924935dc-6e7a-647f-4128-ad8fc0550000}</Data><Data Name=\"ProcessId\">745</Data><Data Name=\"Image\">/usr/lib/systemd/systemd-networkd</Data><Data Name=\"User\">systemd-network</Data><Data Name=\"Protocol\">udp</Data><Data Name=\"Initiated\">false</Data><Data Name=\"SourceIsIpv6\">true</Data><Data Name=\"SourceIp\">0:0:0:0:0:0:0:0</Data><Data Name=\"SourceHostname\">-</Data><Data Name=\"SourcePort\">0</Data><Data Name=\"SourcePortName\">-</Data><Data Name=\"DestinationIsIpv6\">true</Data><Data Name=\"DestinationIp\">fe80:0:0:0:a00:27ff:fee3:816e</Data><Data Name=\"DestinationHostname\">-</Data><Data Name=\"DestinationPort\">546</Data><Data Name=\"DestinationPortName\">-</Data></EventData></Event>",
        "related": {
            "hosts": [
                "202-u20-dev-agent"
            ],
            "ip": [
                "0:0:0:0:0:0:0:0",
                "fe80:0:0:0:a00:27ff:fee3:816e"
            ]
        },
        "process": {
            "name": "systemd-networkd",
            "entity_id": "{924935dc-6e7a-647f-4128-ad8fc0550000}",
            "executable": "/usr/lib/systemd/systemd-networkd",
            "pid": 745
        },
        "log": {
            "level": "Information"
        },
        "network": {
            "transport": "udp",
            "direction": "ingress",
            "type": "ipv6"
        },
        "source": {
            "ip": "0:0:0:0:0:0:0:0",
            "port": 0
        },
        "destination": {
            "ip": "fe80:0:0:0:a00:27ff:fee3:816e",
            "port": 546
        }
    },
    {
        "wazuh": {
            "queue": 49,
            "location": "[002] (202-u20-dev-agent) any->/var/log/syslog",
            "message": "Jun  6 21:10:04 202-u20-dev-agent sysmon: <Event><System><Provider Name=\"Linux-Sysmon\" Guid=\"{ff032593-a8d3-4f13-b0d6-01fc615a0f97}\"/><EventID>3</EventID><Version>5</Version><Level>4</Level><Task>3</Task><Opcode>0</Opcode><Keywords>0x8000000000000000</Keywords><TimeCreated SystemTime=\"2023-06-06T21:10:04.370531000Z\"/><EventRecordID>15805</EventRecordID><Correlation/><Execution ProcessID=\"5856\" ThreadID=\"5856\"/><Channel>Linux-Sysmon/Operational</Channel><Computer>202-u20-dev-agent</Computer><Security UserId=\"0\"/></System><EventData><Data Name=\"RuleName\">-</Data><Data Name=\"UtcTime\">2023-06-06 21:10:04.378</Data><Data Name=\"ProcessGuid\">{924935dc-6e7a-647f-11af-0af4a1550000}</Data><Data Name=\"ProcessId\">747</Data><Data Name=\"Image\">/usr/lib/systemd/systemd-resolved</Data><Data Name=\"User\">systemd-resolve</Data><Data Name=\"Protocol\">udp</Data><Data Name=\"Initiated\">true</Data><Data Name=\"SourceIsIpv6\">false</Data><Data Name=\"SourceIp\">127.0.0.53</Data><Data Name=\"SourceHostname\">-</Data><Data Name=\"SourcePort\">53</Data><Data Name=\"SourcePortName\">-</Data><Data Name=\"DestinationIsIpv6\">false</Data><Data Name=\"DestinationIp\">127.0.0.1</Data><Data Name=\"DestinationHostname\">-</Data><Data Name=\"DestinationPort\">34331</Data><Data Name=\"DestinationPortName\">-</Data></EventData></Event>",
            "origin": "/var/log/syslog",
            "registered_ip": "any",
            "decoders": [
                "core-wazuh-message",
                "core-localfile",
                "integrations",
                "syslog",
                "sysmon-linux"
            ],
            "source": "logcollector"
        },
        "agent": {
            "id": "002",
            "name": "202-u20-dev-agent",
            "type": "wazuh"
        },
        "event": {
            "original": "Jun  6 21:10:04 202-u20-dev-agent sysmon: <Event><System><Provider Name=\"Linux-Sysmon\" Guid=\"{ff032593-a8d3-4f13-b0d6-01fc615a0f97}\"/><EventID>3</EventID><Version>5</Version><Level>4</Level><Task>3</Task><Opcode>0</Opcode><Keywords>0x8000000000000000</Keywords><TimeCreated SystemTime=\"2023-06-06T21:10:04.370531000Z\"/><EventRecordID>15805</EventRecordID><Correlation/><Execution ProcessID=\"5856\" ThreadID=\"5856\"/><Channel>Linux-Sysmon/Operational</Channel><Computer>202-u20-dev-agent</Computer><Security UserId=\"0\"/></System><EventData><Data Name=\"RuleName\">-</Data><Data Name=\"UtcTime\">2023-06-06 21:10:04.378</Data><Data Name=\"ProcessGuid\">{924935dc-6e7a-647f-11af-0af4a1550000}</Data><Data Name=\"ProcessId\">747</Data><Data Name=\"Image\">/usr/lib/systemd/systemd-resolved</Data><Data Name=\"User\">systemd-resolve</Data><Data Name=\"Protocol\">udp</Data><Data Name=\"Initiated\">true</Data><Data Name=\"SourceIsIpv6\">false</Data><Data Name=\"SourceIp\">127.0.0.53</Data><Data Name=\"SourceHostname\">-</Data><Data Name=\"SourcePort\">53</Data><Data Name=\"SourcePortName\">-</Data><Data Name=\"DestinationIsIpv6\">false</Data><Data Name=\"DestinationIp\">127.0.0.1</Data><Data Name=\"DestinationHostname\">-</Data><Data Name=\"DestinationPort\">34331</Data><Data Name=\"DestinationPortName\">-</Data></EventData></Event>",
            "start": "2023-06-06T21:10:04.370531000Z",
            "kind": "event",
            "module": "sysmon-linux",
            "dataset": "sysmon",
            "code": "3",
            "category": [
                "network"
            ],
            "type": [
                "start",
                "connection",
                "protocol"
            ],
            "action": "network_connection",
            "outcome": "success",
            "provider": "Linux-Sysmon"
        },
        "host": {
            "id": "002",
            "hostname": "202-u20-dev-agent",
            "name": "202-u20-dev-agent"
        },
        "message": "<Event><System><Provider Name=\"Linux-Sysmon\" Guid=\"{ff032593-a8d3-4f13-b0d6-01fc615a0f97}\"/><EventID>3</EventID><Version>5</Version><Level>4</Level><Task>3</Task><Opcode>0</Opcode><Keywords>0x8000000000000000</Keywords><TimeCreated SystemTime=\"2023-06-06T21:10:04.370531000Z\"/><EventRecordID>15805</EventRecordID><Correlation/><Execution ProcessID=\"5856\" ThreadID=\"5856\"/><Channel>Linux-Sysmon/Operational</Channel><Computer>202-u20-dev-agent</Computer><Security UserId=\"0\"/></System><EventData><Data Name=\"RuleName\">-</Data><Data Name=\"UtcTime\">2023-06-06 21:10:04.378</Data><Data Name=\"ProcessGuid\">{924935dc-6e7a-647f-11af-0af4a1550000}</Data><Data Name=\"ProcessId\">747</Data><Data Name=\"Image\">/usr/lib/systemd/systemd-resolved</Data><Data Name=\"User\">systemd-resolve</Data><Data Name=\"Protocol\">udp</Data><Data Name=\"Initiated\">true</Data><Data Name=\"SourceIsIpv6\">false</Data><Data Name=\"SourceIp\">127.0.0.53</Data><Data Name=\"SourceHostname\">-</Data><Data Name=\"SourcePort\">53</Data><Data Name=\"SourcePortName\">-</Data><Data Name=\"DestinationIsIpv6\">false</Data><Data Name=\"DestinationIp\">127.0.0.1</Data><Data Name=\"DestinationHostname\">-</Data><Data Name=\"DestinationPort\">34331</Data><Data Name=\"DestinationPortName\">-</Data></EventData></Event>",
        "related": {
            "hosts": [
                "202-u20-dev-agent"
            ],
            "ip": [
                "127.0.0.53",
                "127.0.0.1"
            ]
        },
        "process": {
            "name": "systemd-resolved",
            "entity_id": "{924935dc-6e7a-647f-11af-0af4a1550000}",
            "executable": "/usr/lib/systemd/systemd-resolved",
            "pid": 747
        },
        "log": {
            "level": "Information"
        },
        "network": {
            "transport": "udp",
            "direction": "egress",
            "type": "ipv4"
        },
        "source": {
            "ip": "127.0.0.53",
            "port": 53
        },
        "destination": {
            "ip": "127.0.0.1",
            "port": 34331
        }
    },
    {
        "wazuh": {
            "queue": 49,
            "location": "[002] (202-u20-dev-agent) any->/var/log/syslog",
            "message": "Jun  6 21:33:26 202-u20-dev-agent sysmon: <Event><System><Provider Name=\"Linux-Sysmon\" Guid=\"{ff032593-a8d3-4f13-b0d6-01fc615a0f97}\"/><EventID>3</EventID><Version>5</Version><Level>4</Level><Task>3</Task><Opcode>0</Opcode><Keywords>0x8000000000000000</Keywords><TimeCreated SystemTime=\"2023-06-06T21:33:26.411991000Z\"/><EventRecordID>16177</EventRecordID><Correlation/><Execution ProcessID=\"5856\" ThreadID=\"5856\"/><Channel>Linux-Sysmon/Operational</Channel><Computer>202-u20-dev-agent</Computer><Security UserId=\"0\"/></System><EventData><Data Name=\"RuleName\">-</Data><Data Name=\"UtcTime\">2023-06-06 21:33:26.419</Data><Data Name=\"ProcessGuid\">{924935dc-9e9a-647f-0ce7-4a0000000000}</Data><Data Name=\"ProcessId\">5697</Data><Data Name=\"Image\">/var/ossec/bin/wazuh-agentd</Data><Data Name=\"User\">wazuh</Data><Data Name=\"Protocol\">tcp</Data><Data Name=\"Initiated\">true</Data><Data Name=\"SourceIsIpv6\">false</Data><Data Name=\"SourceIp\">192.168.3.202</Data><Data Name=\"SourceHostname\">-</Data><Data Name=\"SourcePort\">42154</Data><Data Name=\"SourcePortName\">-</Data><Data Name=\"DestinationIsIpv6\">false</Data><Data Name=\"DestinationIp\">192.168.3.104</Data><Data Name=\"DestinationHostname\">-</Data><Data Name=\"DestinationPort\">1514</Data><Data Name=\"DestinationPortName\">-</Data></EventData></Event>",
            "origin": "/var/log/syslog",
            "registered_ip": "any",
            "decoders": [
                "core-wazuh-message",
                "core-localfile",
                "integrations",
                "syslog",
                "sysmon-linux"
            ],
            "source": "logcollector"
        },
        "agent": {
            "id": "002",
            "name": "202-u20-dev-agent",
            "type": "wazuh"
        },
        "event": {
            "original": "Jun  6 21:33:26 202-u20-dev-agent sysmon: <Event><System><Provider Name=\"Linux-Sysmon\" Guid=\"{ff032593-a8d3-4f13-b0d6-01fc615a0f97}\"/><EventID>3</EventID><Version>5</Version><Level>4</Level><Task>3</Task><Opcode>0</Opcode><Keywords>0x8000000000000000</Keywords><TimeCreated SystemTime=\"2023-06-06T21:33:26.411991000Z\"/><EventRecordID>16177</EventRecordID><Correlation/><Execution ProcessID=\"5856\" ThreadID=\"5856\"/><Channel>Linux-Sysmon/Operational</Channel><Computer>202-u20-dev-agent</Computer><Security UserId=\"0\"/></System><EventData><Data Name=\"RuleName\">-</Data><Data Name=\"UtcTime\">2023-06-06 21:33:26.419</Data><Data Name=\"ProcessGuid\">{924935dc-9e9a-647f-0ce7-4a0000000000}</Data><Data Name=\"ProcessId\">5697</Data><Data Name=\"Image\">/var/ossec/bin/wazuh-agentd</Data><Data Name=\"User\">wazuh</Data><Data Name=\"Protocol\">tcp</Data><Data Name=\"Initiated\">true</Data><Data Name=\"SourceIsIpv6\">false</Data><Data Name=\"SourceIp\">192.168.3.202</Data><Data Name=\"SourceHostname\">-</Data><Data Name=\"SourcePort\">42154</Data><Data Name=\"SourcePortName\">-</Data><Data Name=\"DestinationIsIpv6\">false</Data><Data Name=\"DestinationIp\">192.168.3.104</Data><Data Name=\"DestinationHostname\">-</Data><Data Name=\"DestinationPort\">1514</Data><Data Name=\"DestinationPortName\">-</Data></EventData></Event>",
            "start": "2023-06-06T21:33:26.411991000Z",
            "kind": "event",
            "module": "sysmon-linux",
            "dataset": "sysmon",
            "code": "3",
            "category": [
                "network"
            ],
            "type": [
                "start",
                "connection",
                "protocol"
            ],
            "action": "network_connection",
            "outcome": "success",
            "provider": "Linux-Sysmon"
        },
        "host": {
            "id": "002",
            "hostname": "202-u20-dev-agent",
            "name": "202-u20-dev-agent"
        },
        "message": "<Event><System><Provider Name=\"Linux-Sysmon\" Guid=\"{ff032593-a8d3-4f13-b0d6-01fc615a0f97}\"/><EventID>3</EventID><Version>5</Version><Level>4</Level><Task>3</Task><Opcode>0</Opcode><Keywords>0x8000000000000000</Keywords><TimeCreated SystemTime=\"2023-06-06T21:33:26.411991000Z\"/><EventRecordID>16177</EventRecordID><Correlation/><Execution ProcessID=\"5856\" ThreadID=\"5856\"/><Channel>Linux-Sysmon/Operational</Channel><Computer>202-u20-dev-agent</Computer><Security UserId=\"0\"/></System><EventData><Data Name=\"RuleName\">-</Data><Data Name=\"UtcTime\">2023-06-06 21:33:26.419</Data><Data Name=\"ProcessGuid\">{924935dc-9e9a-647f-0ce7-4a0000000000}</Data><Data Name=\"ProcessId\">5697</Data><Data Name=\"Image\">/var/ossec/bin/wazuh-agentd</Data><Data Name=\"User\">wazuh</Data><Data Name=\"Protocol\">tcp</Data><Data Name=\"Initiated\">true</Data><Data Name=\"SourceIsIpv6\">false</Data><Data Name=\"SourceIp\">192.168.3.202</Data><Data Name=\"SourceHostname\">-</Data><Data Name=\"SourcePort\">42154</Data><Data Name=\"SourcePortName\">-</Data><Data Name=\"DestinationIsIpv6\">false</Data><Data Name=\"DestinationIp\">192.168.3.104</Data><Data Name=\"DestinationHostname\">-</Data><Data Name=\"DestinationPort\">1514</Data><Data Name=\"DestinationPortName\">-</Data></EventData></Event>",
        "related": {
            "hosts": [
                "202-u20-dev-agent"
            ],
            "ip": [
                "192.168.3.202",
                "192.168.3.104"
            ]
        },
        "process": {
            "name": "wazuh-agentd",
            "entity_id": "{924935dc-9e9a-647f-0ce7-4a0000000000}",
            "executable": "/var/ossec/bin/wazuh-agentd",
            "pid": 5697
        },
        "log": {
            "level": "Information"
        },
        "network": {
            "transport": "tcp",
            "direction": "egress",
            "type": "ipv4"
        },
        "source": {
            "ip": "192.168.3.202",
            "port": 42154
        },
        "destination": {
            "ip": "192.168.3.104",
            "port": 1514
        }
    }
]
