[
    {
        "wazuh": {
            "queue": 49,
            "location": "[002] (202-u20-dev-agent) any->/var/log/syslog",
            "message": "Jun  7 21:31:12 202-u20-dev-agent sysmon: <Event><System><Provider Name=\"Linux-Sysmon\" Guid=\"{ff032593-a8d3-4f13-b0d6-01fc615a0f97}\"/><EventID>16</EventID><Version>3</Version><Level>4</Level><Task>16</Task><Opcode>0</Opcode><Keywords>0x8000000000000000</Keywords><TimeCreated SystemTime=\"2023-06-07T21:31:12.291208000Z\"/><EventRecordID>26937</EventRecordID><Correlation/><Execution ProcessID=\"4610\" ThreadID=\"4610\"/><Channel>Linux-Sysmon/Operational</Channel><Computer>202-u20-dev-agent</Computer><Security UserId=\"0\"/></System><EventData><Data Name=\"UtcTime\">2023-06-07 21:31:12.291</Data><Data Name=\"Configuration\">sysconfig.xml</Data><Data Name=\"ConfigurationFileHash\">-</Data></EventData></Event>",
            "origin": "/var/log/syslog",
            "registered_ip": "any",
            "decoders": [
                "core-wazuh-message",
                "core-localfile",
                "integrations",
                "syslog",
                "sysmon-linux"
            ],
            "source": "logcollector"
        },
        "agent": {
            "id": "002",
            "name": "202-u20-dev-agent",
            "type": "wazuh"
        },
        "event": {
            "original": "Jun  7 21:31:12 202-u20-dev-agent sysmon: <Event><System><Provider Name=\"Linux-Sysmon\" Guid=\"{ff032593-a8d3-4f13-b0d6-01fc615a0f97}\"/><EventID>16</EventID><Version>3</Version><Level>4</Level><Task>16</Task><Opcode>0</Opcode><Keywords>0x8000000000000000</Keywords><TimeCreated SystemTime=\"2023-06-07T21:31:12.291208000Z\"/><EventRecordID>26937</EventRecordID><Correlation/><Execution ProcessID=\"4610\" ThreadID=\"4610\"/><Channel>Linux-Sysmon/Operational</Channel><Computer>202-u20-dev-agent</Computer><Security UserId=\"0\"/></System><EventData><Data Name=\"UtcTime\">2023-06-07 21:31:12.291</Data><Data Name=\"Configuration\">sysconfig.xml</Data><Data Name=\"ConfigurationFileHash\">-</Data></EventData></Event>",
            "start": "2023-06-07T21:31:12.291208000Z",
            "kind": "state",
            "module": "sysmon-linux",
            "dataset": "sysmon",
            "code": "16",
            "category": [
                "configuration"
            ],
            "type": [
                "change"
            ],
            "action": "configuration_chage",
            "outcome": "unknown",
            "provider": "Linux-Sysmon"
        },
        "host": {
            "id": "002",
            "hostname": "202-u20-dev-agent",
            "name": "202-u20-dev-agent"
        },
        "message": "<Event><System><Provider Name=\"Linux-Sysmon\" Guid=\"{ff032593-a8d3-4f13-b0d6-01fc615a0f97}\"/><EventID>16</EventID><Version>3</Version><Level>4</Level><Task>16</Task><Opcode>0</Opcode><Keywords>0x8000000000000000</Keywords><TimeCreated SystemTime=\"2023-06-07T21:31:12.291208000Z\"/><EventRecordID>26937</EventRecordID><Correlation/><Execution ProcessID=\"4610\" ThreadID=\"4610\"/><Channel>Linux-Sysmon/Operational</Channel><Computer>202-u20-dev-agent</Computer><Security UserId=\"0\"/></System><EventData><Data Name=\"UtcTime\">2023-06-07 21:31:12.291</Data><Data Name=\"Configuration\">sysconfig.xml</Data><Data Name=\"ConfigurationFileHash\">-</Data></EventData></Event>",
        "related": {
            "hosts": [
                "202-u20-dev-agent"
            ]
        },
        "process": {
            "name": "sysmon"
        },
        "log": {
            "level": "Information"
        },
        "file": {
            "path": "sysconfig.xml"
        }
    }
]
