[
    {
        "wazuh": {
            "queue": 49,
            "location": "[002] (202-u20-dev-agent) any->/var/log/syslog",
            "message": "Jun  7 03:36:17 202-u20-dev-agent sysmon: <Event><System><Provider Name=\"Linux-Sysmon\" Guid=\"{ff032593-a8d3-4f13-b0d6-01fc615a0f97}\"/><EventID>11</EventID><Version>2</Version><Level>4</Level><Task>11</Task><Opcode>0</Opcode><Keywords>0x8000000000000000</Keywords><TimeCreated SystemTime=\"2023-06-07T03:36:17.069851000Z\"/><EventRecordID>20697</EventRecordID><Correlation/><Execution ProcessID=\"5856\" ThreadID=\"5856\"/><Channel>Linux-Sysmon/Operational</Channel><Computer>202-u20-dev-agent</Computer><Security UserId=\"0\"/></System><EventData><Data Name=\"RuleName\">-</Data><Data Name=\"UtcTime\">2023-06-07 03:36:17.077</Data><Data Name=\"ProcessGuid\">{924935dc-9e9a-647f-0ce7-4a0000000000}</Data><Data Name=\"ProcessId\">5697</Data><Data Name=\"Image\">/var/ossec/bin/wazuh-agentd</Data><Data Name=\"TargetFilename\">/var/ossec/var/run/wazuh-agentd.state.temp</Data><Data Name=\"CreationUtcTime\">2023-06-07 03:36:17.077</Data><Data Name=\"User\">wazuh</Data></EventData></Event>",
            "origin": "/var/log/syslog",
            "registered_ip": "any",
            "decoders": [
                "core-wazuh-message",
                "core-localfile",
                "integrations",
                "syslog",
                "sysmon-linux"
            ],
            "source": "logcollector"
        },
        "agent": {
            "id": "002",
            "name": "202-u20-dev-agent",
            "type": "wazuh"
        },
        "event": {
            "original": "Jun  7 03:36:17 202-u20-dev-agent sysmon: <Event><System><Provider Name=\"Linux-Sysmon\" Guid=\"{ff032593-a8d3-4f13-b0d6-01fc615a0f97}\"/><EventID>11</EventID><Version>2</Version><Level>4</Level><Task>11</Task><Opcode>0</Opcode><Keywords>0x8000000000000000</Keywords><TimeCreated SystemTime=\"2023-06-07T03:36:17.069851000Z\"/><EventRecordID>20697</EventRecordID><Correlation/><Execution ProcessID=\"5856\" ThreadID=\"5856\"/><Channel>Linux-Sysmon/Operational</Channel><Computer>202-u20-dev-agent</Computer><Security UserId=\"0\"/></System><EventData><Data Name=\"RuleName\">-</Data><Data Name=\"UtcTime\">2023-06-07 03:36:17.077</Data><Data Name=\"ProcessGuid\">{924935dc-9e9a-647f-0ce7-4a0000000000}</Data><Data Name=\"ProcessId\">5697</Data><Data Name=\"Image\">/var/ossec/bin/wazuh-agentd</Data><Data Name=\"TargetFilename\">/var/ossec/var/run/wazuh-agentd.state.temp</Data><Data Name=\"CreationUtcTime\">2023-06-07 03:36:17.077</Data><Data Name=\"User\">wazuh</Data></EventData></Event>",
            "start": "2023-06-07T03:36:17.000Z",
            "kind": "event",
            "module": "sysmon-linux",
            "dataset": "sysmon",
            "created": "2023-06-07T03:36:17.069851000Z",
            "code": "11",
            "category": [
                "file"
            ],
            "type": [
                "creation"
            ],
            "action": "file_created",
            "outcome": "success",
            "provider": "Linux-Sysmon"
        },
        "host": {
            "id": "002",
            "hostname": "202-u20-dev-agent",
            "name": "202-u20-dev-agent"
        },
        "~TAG": "sysmon",
        "message": "<Event><System><Provider Name=\"Linux-Sysmon\" Guid=\"{ff032593-a8d3-4f13-b0d6-01fc615a0f97}\"/><EventID>11</EventID><Version>2</Version><Level>4</Level><Task>11</Task><Opcode>0</Opcode><Keywords>0x8000000000000000</Keywords><TimeCreated SystemTime=\"2023-06-07T03:36:17.069851000Z\"/><EventRecordID>20697</EventRecordID><Correlation/><Execution ProcessID=\"5856\" ThreadID=\"5856\"/><Channel>Linux-Sysmon/Operational</Channel><Computer>202-u20-dev-agent</Computer><Security UserId=\"0\"/></System><EventData><Data Name=\"RuleName\">-</Data><Data Name=\"UtcTime\">2023-06-07 03:36:17.077</Data><Data Name=\"ProcessGuid\">{924935dc-9e9a-647f-0ce7-4a0000000000}</Data><Data Name=\"ProcessId\">5697</Data><Data Name=\"Image\">/var/ossec/bin/wazuh-agentd</Data><Data Name=\"TargetFilename\">/var/ossec/var/run/wazuh-agentd.state.temp</Data><Data Name=\"CreationUtcTime\">2023-06-07 03:36:17.077</Data><Data Name=\"User\">wazuh</Data></EventData></Event>",
        "related": {
            "hosts": [
                "202-u20-dev-agent"
            ]
        },
        "process": {
            "name": "wazuh-agentd",
            "entity_id": "{924935dc-9e9a-647f-0ce7-4a0000000000}",
            "executable": "/var/ossec/bin/wazuh-agentd",
            "pid": 5697
        },
        "log": {
            "level": "Information"
        },
        "file": {
            "path": "/var/ossec/var/run/wazuh-agentd.state.temp"
        }
    },
    {
        "wazuh": {
            "queue": 49,
            "location": "[002] (202-u20-dev-agent) any->/var/log/syslog",
            "message": "Jun  5 18:50:35 202-u20-dev-agent sysmon: <Event><System><Provider Name=\"Linux-Sysmon\" Guid=\"{ff032593-a8d3-4f13-b0d6-01fc615a0f97}\"/><EventID>11</EventID><Version>2</Version><Level>4</Level><Task>11</Task><Opcode>0</Opcode><Keywords>0x8000000000000000</Keywords><TimeCreated SystemTime=\"2023-06-05T18:50:35.246709000Z\"/><EventRecordID>935</EventRecordID><Correlation/><Execution ProcessID=\"3948\" ThreadID=\"3948\"/><Channel>Linux-Sysmon/Operational</Channel><Computer>202-u20-dev-agent</Computer><Security UserId=\"0\"/></System><EventData><Data Name=\"RuleName\">-</Data><Data Name=\"UtcTime\">2023-06-05 18:50:35.248</Data><Data Name=\"ProcessGuid\">{924935dc-2e7b-647e-f644-17b56f550000}</Data><Data Name=\"ProcessId\">4276</Data><Data Name=\"Image\">/usr/bin/touch</Data><Data Name=\"TargetFilename\">/tmp/e11.log</Data><Data Name=\"CreationUtcTime\">2023-06-05 18:50:35.248</Data><Data Name=\"User\">-</Data></EventData></Event>",
            "origin": "/var/log/syslog",
            "registered_ip": "any",
            "decoders": [
                "core-wazuh-message",
                "core-localfile",
                "integrations",
                "syslog",
                "sysmon-linux"
            ],
            "source": "logcollector"
        },
        "agent": {
            "id": "002",
            "name": "202-u20-dev-agent",
            "type": "wazuh"
        },
        "event": {
            "original": "Jun  5 18:50:35 202-u20-dev-agent sysmon: <Event><System><Provider Name=\"Linux-Sysmon\" Guid=\"{ff032593-a8d3-4f13-b0d6-01fc615a0f97}\"/><EventID>11</EventID><Version>2</Version><Level>4</Level><Task>11</Task><Opcode>0</Opcode><Keywords>0x8000000000000000</Keywords><TimeCreated SystemTime=\"2023-06-05T18:50:35.246709000Z\"/><EventRecordID>935</EventRecordID><Correlation/><Execution ProcessID=\"3948\" ThreadID=\"3948\"/><Channel>Linux-Sysmon/Operational</Channel><Computer>202-u20-dev-agent</Computer><Security UserId=\"0\"/></System><EventData><Data Name=\"RuleName\">-</Data><Data Name=\"UtcTime\">2023-06-05 18:50:35.248</Data><Data Name=\"ProcessGuid\">{924935dc-2e7b-647e-f644-17b56f550000}</Data><Data Name=\"ProcessId\">4276</Data><Data Name=\"Image\">/usr/bin/touch</Data><Data Name=\"TargetFilename\">/tmp/e11.log</Data><Data Name=\"CreationUtcTime\">2023-06-05 18:50:35.248</Data><Data Name=\"User\">-</Data></EventData></Event>",
            "start": "2023-06-05T18:50:35.000Z",
            "kind": "event",
            "module": "sysmon-linux",
            "dataset": "sysmon",
            "created": "2023-06-05T18:50:35.246709000Z",
            "code": "11",
            "category": [
                "file"
            ],
            "type": [
                "creation"
            ],
            "action": "file_created",
            "outcome": "success",
            "provider": "Linux-Sysmon"
        },
        "host": {
            "id": "002",
            "hostname": "202-u20-dev-agent",
            "name": "202-u20-dev-agent"
        },
        "~TAG": "sysmon",
        "message": "<Event><System><Provider Name=\"Linux-Sysmon\" Guid=\"{ff032593-a8d3-4f13-b0d6-01fc615a0f97}\"/><EventID>11</EventID><Version>2</Version><Level>4</Level><Task>11</Task><Opcode>0</Opcode><Keywords>0x8000000000000000</Keywords><TimeCreated SystemTime=\"2023-06-05T18:50:35.246709000Z\"/><EventRecordID>935</EventRecordID><Correlation/><Execution ProcessID=\"3948\" ThreadID=\"3948\"/><Channel>Linux-Sysmon/Operational</Channel><Computer>202-u20-dev-agent</Computer><Security UserId=\"0\"/></System><EventData><Data Name=\"RuleName\">-</Data><Data Name=\"UtcTime\">2023-06-05 18:50:35.248</Data><Data Name=\"ProcessGuid\">{924935dc-2e7b-647e-f644-17b56f550000}</Data><Data Name=\"ProcessId\">4276</Data><Data Name=\"Image\">/usr/bin/touch</Data><Data Name=\"TargetFilename\">/tmp/e11.log</Data><Data Name=\"CreationUtcTime\">2023-06-05 18:50:35.248</Data><Data Name=\"User\">-</Data></EventData></Event>",
        "related": {
            "hosts": [
                "202-u20-dev-agent"
            ]
        },
        "process": {
            "name": "touch",
            "entity_id": "{924935dc-2e7b-647e-f644-17b56f550000}",
            "executable": "/usr/bin/touch",
            "pid": 4276
        },
        "log": {
            "level": "Information"
        },
        "file": {
            "path": "/tmp/e11.log"
        }
    }
]
