[
    {
        "host": {
            "name": "202-u20-dev-agent",
            "hostname": "202-u20-dev-agent",
            "id": "001"
        },
        "event": {
            "outcome": "unknown",
            "kind": "state",
            "action": "service_start",
            "type": [
                "change"
            ],
            "original": "Jun  7 21:23:03 202-u20-dev-agent sysmon: <Event><System><Provider Name=\"Linux-Sysmon\" Guid=\"{ff032593-a8d3-4f13-b0d6-01fc615a0f97}\"/><EventID>4</EventID><Version>3</Version><Level>4</Level><Task>4</Task><Opcode>0</Opcode><Keywords>0x8000000000000000</Keywords><TimeCreated SystemTime=\"2023-06-07T21:23:03.810147000Z\"/><EventRecordID>26789</EventRecordID><Correlation/><Execution ProcessID=\"4441\" ThreadID=\"4441\"/><Channel>Linux-Sysmon/Operational</Channel><Computer>202-u20-dev-agent</Computer><Security UserId=\"0\"/></System><EventData><Data Name=\"UtcTime\">2023-06-07 21:23:03.810</Data><Data Name=\"State\">Started</Data><Data Name=\"Version\">1.2.0</Data><Data Name=\"SchemaVersion\">4.81</Data></EventData></Event>",
            "dataset": "sysmon",
            "start": "2023-06-07T21:23:03.810147000Z",
            "provider": "Linux-Sysmon",
            "category": [
                "service",
                "process"
            ],
            "module": "sysmon-linux",
            "code": "4"
        },
        "message": "<Event><System><Provider Name=\"Linux-Sysmon\" Guid=\"{ff032593-a8d3-4f13-b0d6-01fc615a0f97}\"/><EventID>4</EventID><Version>3</Version><Level>4</Level><Task>4</Task><Opcode>0</Opcode><Keywords>0x8000000000000000</Keywords><TimeCreated SystemTime=\"2023-06-07T21:23:03.810147000Z\"/><EventRecordID>26789</EventRecordID><Correlation/><Execution ProcessID=\"4441\" ThreadID=\"4441\"/><Channel>Linux-Sysmon/Operational</Channel><Computer>202-u20-dev-agent</Computer><Security UserId=\"0\"/></System><EventData><Data Name=\"UtcTime\">2023-06-07 21:23:03.810</Data><Data Name=\"State\">Started</Data><Data Name=\"Version\">1.2.0</Data><Data Name=\"SchemaVersion\">4.81</Data></EventData></Event>",
        "agent": {
            "type": "wazuh-agent",
            "name": "wazuh-agent-1",
            "id": "001"
        },
        "log": {
            "level": "Information"
        },
        "related": {
            "hosts": [
                "202-u20-dev-agent"
            ]
        },
        "wazuh": {
            "decoders": [
                "syslog",
                "sysmon-linux"
            ],
            "location": "[001] (wazuh-agent-1) any->/test/syslog.log",
            "queue": 49,
            "origin": "/test/syslog.log",
            "source": "logcollector",
            "registered_ip": "any"
        },
        "service": {
            "state": "Started",
            "name": "sysmon"
        },
        "process": {
            "name": "sysmon"
        },
        "ecs": {
            "version": "8.8"
        }
    },
    {
        "agent": {
            "id": "001",
            "type": "wazuh-agent",
            "name": "wazuh-agent-1"
        },
        "message": "<Event><System><Provider Name=\"Linux-Sysmon\" Guid=\"{ff032593-a8d3-4f13-b0d6-01fc615a0f97}\"/><EventID>4</EventID><Version>3</Version><Level>4</Level><Task>4</Task><Opcode>0</Opcode><Keywords>0x8000000000000000</Keywords><TimeCreated SystemTime=\"2023-06-07T21:37:09.066663000Z\"/><EventRecordID>27032</EventRecordID><Correlation/><Execution ProcessID=\"4610\" ThreadID=\"4610\"/><Channel>Linux-Sysmon/Operational</Channel><Computer>202-u20-dev-agent</Computer><Security UserId=\"0\"/></System><EventData><Data Name=\"UtcTime\">2023-06-07 21:37:09.066</Data><Data Name=\"State\">Stopped</Data><Data Name=\"Version\">1.2.0</Data><Data Name=\"SchemaVersion\">4.81</Data></EventData></Event>",
        "event": {
            "category": [
                "service",
                "process"
            ],
            "original": "Jun  7 21:37:09 202-u20-dev-agent sysmon: <Event><System><Provider Name=\"Linux-Sysmon\" Guid=\"{ff032593-a8d3-4f13-b0d6-01fc615a0f97}\"/><EventID>4</EventID><Version>3</Version><Level>4</Level><Task>4</Task><Opcode>0</Opcode><Keywords>0x8000000000000000</Keywords><TimeCreated SystemTime=\"2023-06-07T21:37:09.066663000Z\"/><EventRecordID>27032</EventRecordID><Correlation/><Execution ProcessID=\"4610\" ThreadID=\"4610\"/><Channel>Linux-Sysmon/Operational</Channel><Computer>202-u20-dev-agent</Computer><Security UserId=\"0\"/></System><EventData><Data Name=\"UtcTime\">2023-06-07 21:37:09.066</Data><Data Name=\"State\">Stopped</Data><Data Name=\"Version\">1.2.0</Data><Data Name=\"SchemaVersion\">4.81</Data></EventData></Event>",
            "action": "service_start",
            "outcome": "unknown",
            "provider": "Linux-Sysmon",
            "code": "4",
            "type": [
                "change"
            ],
            "start": "2023-06-07T21:37:09.066663000Z",
            "module": "sysmon-linux",
            "kind": "state",
            "dataset": "sysmon"
        },
        "related": {
            "hosts": [
                "202-u20-dev-agent"
            ]
        },
        "wazuh": {
            "registered_ip": "any",
            "queue": 49,
            "decoders": [
                "syslog",
                "sysmon-linux"
            ],
            "source": "logcollector",
            "location": "[001] (wazuh-agent-1) any->/test/syslog.log",
            "origin": "/test/syslog.log"
        },
        "service": {
            "state": "Stopped",
            "name": "sysmon"
        },
        "ecs": {
            "version": "8.8"
        },
        "host": {
            "name": "202-u20-dev-agent",
            "hostname": "202-u20-dev-agent",
            "id": "001"
        },
        "process": {
            "name": "sysmon"
        },
        "log": {
            "level": "Information"
        }
    }
]
