[
    {
        "wazuh": {
            "source": "logcollector",
            "decoders": [
                "syslog",
                "sysmon-linux"
            ],
            "location": "[001] (wazuh-agent-1) any->/test/syslog.log",
            "queue": 49,
            "registered_ip": "any",
            "origin": "/test/syslog.log"
        },
        "ecs": {
            "version": "8.8"
        },
        "log": {
            "level": "Information"
        },
        "event": {
            "code": "5",
            "type": [
                "end"
            ],
            "module": "sysmon-linux",
            "provider": "Linux-Sysmon",
            "kind": "event",
            "action": "process_terminated",
            "dataset": "sysmon",
            "outcome": "success",
            "category": [
                "process"
            ],
            "start": "2023-06-07T03:36:33.104819000Z",
            "original": "Jun  7 03:36:33 202-u20-dev-agent sysmon: <Event><System><Provider Name=\"Linux-Sysmon\" Guid=\"{ff032593-a8d3-4f13-b0d6-01fc615a0f97}\"/><EventID>5</EventID><Version>3</Version><Level>4</Level><Task>5</Task><Opcode>0</Opcode><Keywords>0x8000000000000000</Keywords><TimeCreated SystemTime=\"2023-06-07T03:36:33.104819000Z\"/><EventRecordID>20701</EventRecordID><Correlation/><Execution ProcessID=\"5856\" ThreadID=\"5856\"/><Channel>Linux-Sysmon/Operational</Channel><Computer>202-u20-dev-agent</Computer><Security UserId=\"0\"/></System><EventData><Data Name=\"RuleName\">-</Data><Data Name=\"UtcTime\">2023-06-07 03:36:33.112</Data><Data Name=\"ProcessGuid\">{924935dc-6e79-647f-41dc-5384af550000}</Data><Data Name=\"ProcessId\">489</Data><Data Name=\"Image\">/usr/lib/systemd/systemd-journald</Data><Data Name=\"User\">-</Data></EventData></Event>"
        },
        "message": "<Event><System><Provider Name=\"Linux-Sysmon\" Guid=\"{ff032593-a8d3-4f13-b0d6-01fc615a0f97}\"/><EventID>5</EventID><Version>3</Version><Level>4</Level><Task>5</Task><Opcode>0</Opcode><Keywords>0x8000000000000000</Keywords><TimeCreated SystemTime=\"2023-06-07T03:36:33.104819000Z\"/><EventRecordID>20701</EventRecordID><Correlation/><Execution ProcessID=\"5856\" ThreadID=\"5856\"/><Channel>Linux-Sysmon/Operational</Channel><Computer>202-u20-dev-agent</Computer><Security UserId=\"0\"/></System><EventData><Data Name=\"RuleName\">-</Data><Data Name=\"UtcTime\">2023-06-07 03:36:33.112</Data><Data Name=\"ProcessGuid\">{924935dc-6e79-647f-41dc-5384af550000}</Data><Data Name=\"ProcessId\">489</Data><Data Name=\"Image\">/usr/lib/systemd/systemd-journald</Data><Data Name=\"User\">-</Data></EventData></Event>",
        "agent": {
            "name": "wazuh-agent-1",
            "type": "wazuh-agent",
            "id": "001"
        },
        "related": {
            "hosts": [
                "202-u20-dev-agent"
            ]
        },
        "host": {
            "name": "202-u20-dev-agent",
            "id": "001",
            "hostname": "202-u20-dev-agent"
        },
        "process": {
            "name": "systemd-journald",
            "pid": 489,
            "entity_id": "{924935dc-6e79-647f-41dc-5384af550000}",
            "executable": "/usr/lib/systemd/systemd-journald"
        }
    },
    {
        "related": {
            "hosts": [
                "202-u20-dev-agent"
            ]
        },
        "event": {
            "category": [
                "process"
            ],
            "start": "2023-06-07T03:36:47.602222000Z",
            "original": "Jun  7 03:36:47 202-u20-dev-agent sysmon: <Event><System><Provider Name=\"Linux-Sysmon\" Guid=\"{ff032593-a8d3-4f13-b0d6-01fc615a0f97}\"/><EventID>5</EventID><Version>3</Version><Level>4</Level><Task>5</Task><Opcode>0</Opcode><Keywords>0x8000000000000000</Keywords><TimeCreated SystemTime=\"2023-06-07T03:36:47.602222000Z\"/><EventRecordID>20704</EventRecordID><Correlation/><Execution ProcessID=\"5856\" ThreadID=\"5856\"/><Channel>Linux-Sysmon/Operational</Channel><Computer>202-u20-dev-agent</Computer><Security UserId=\"0\"/></System><EventData><Data Name=\"RuleName\">-</Data><Data Name=\"UtcTime\">2023-06-07 03:36:47.609</Data><Data Name=\"ProcessGuid\">{924935dc-6e81-647f-cd2f-c7224d560000}</Data><Data Name=\"ProcessId\">809</Data><Data Name=\"Image\">/usr/libexec/udisks2/udisksd</Data><Data Name=\"User\">-</Data></EventData></Event>",
            "dataset": "sysmon",
            "action": "process_terminated",
            "kind": "event",
            "outcome": "success",
            "module": "sysmon-linux",
            "code": "5",
            "provider": "Linux-Sysmon",
            "type": [
                "end"
            ]
        },
        "message": "<Event><System><Provider Name=\"Linux-Sysmon\" Guid=\"{ff032593-a8d3-4f13-b0d6-01fc615a0f97}\"/><EventID>5</EventID><Version>3</Version><Level>4</Level><Task>5</Task><Opcode>0</Opcode><Keywords>0x8000000000000000</Keywords><TimeCreated SystemTime=\"2023-06-07T03:36:47.602222000Z\"/><EventRecordID>20704</EventRecordID><Correlation/><Execution ProcessID=\"5856\" ThreadID=\"5856\"/><Channel>Linux-Sysmon/Operational</Channel><Computer>202-u20-dev-agent</Computer><Security UserId=\"0\"/></System><EventData><Data Name=\"RuleName\">-</Data><Data Name=\"UtcTime\">2023-06-07 03:36:47.609</Data><Data Name=\"ProcessGuid\">{924935dc-6e81-647f-cd2f-c7224d560000}</Data><Data Name=\"ProcessId\">809</Data><Data Name=\"Image\">/usr/libexec/udisks2/udisksd</Data><Data Name=\"User\">-</Data></EventData></Event>",
        "host": {
            "name": "202-u20-dev-agent",
            "hostname": "202-u20-dev-agent",
            "id": "001"
        },
        "log": {
            "level": "Information"
        },
        "ecs": {
            "version": "8.8"
        },
        "agent": {
            "id": "001",
            "name": "wazuh-agent-1",
            "type": "wazuh-agent"
        },
        "process": {
            "entity_id": "{924935dc-6e81-647f-cd2f-c7224d560000}",
            "pid": 809,
            "name": "udisksd",
            "executable": "/usr/libexec/udisks2/udisksd"
        },
        "wazuh": {
            "source": "logcollector",
            "decoders": [
                "syslog",
                "sysmon-linux"
            ],
            "registered_ip": "any",
            "location": "[001] (wazuh-agent-1) any->/test/syslog.log",
            "queue": 49,
            "origin": "/test/syslog.log"
        }
    },
    {
        "host": {
            "id": "001",
            "name": "202-u20-dev-agent",
            "hostname": "202-u20-dev-agent"
        },
        "process": {
            "entity_id": "{924935dc-9f9c-647f-615e-16b5af550000}",
            "executable": "/usr/bin/git",
            "pid": 5770,
            "name": "git"
        },
        "related": {
            "hosts": [
                "202-u20-dev-agent"
            ]
        },
        "event": {
            "provider": "Linux-Sysmon",
            "action": "process_terminated",
            "module": "sysmon-linux",
            "start": "2023-06-06T21:05:33.820665000Z",
            "kind": "event",
            "original": "Jun  6 21:05:33 202-u20-dev-agent sysmon: <Event><System><Provider Name=\"Linux-Sysmon\" Guid=\"{ff032593-a8d3-4f13-b0d6-01fc615a0f97}\"/><EventID>5</EventID><Version>3</Version><Level>4</Level><Task>5</Task><Opcode>0</Opcode><Keywords>0x8000000000000000</Keywords><TimeCreated SystemTime=\"2023-06-06T21:05:33.820665000Z\"/><EventRecordID>15722</EventRecordID><Correlation/><Execution ProcessID=\"1178\" ThreadID=\"1178\"/><Channel>Linux-Sysmon/Operational</Channel><Computer>202-u20-dev-agent</Computer><Security UserId=\"0\"/></System><EventData><Data Name=\"RuleName\">-</Data><Data Name=\"UtcTime\">2023-06-06 21:05:32.024</Data><Data Name=\"ProcessGuid\">{924935dc-9f9c-647f-615e-16b5af550000}</Data><Data Name=\"ProcessId\">5770</Data><Data Name=\"Image\">/usr/bin/git</Data><Data Name=\"User\">-</Data></EventData></Event>",
            "outcome": "success",
            "type": [
                "end"
            ],
            "category": [
                "process"
            ],
            "dataset": "sysmon",
            "code": "5"
        },
        "agent": {
            "id": "001",
            "name": "wazuh-agent-1",
            "type": "wazuh-agent"
        },
        "message": "<Event><System><Provider Name=\"Linux-Sysmon\" Guid=\"{ff032593-a8d3-4f13-b0d6-01fc615a0f97}\"/><EventID>5</EventID><Version>3</Version><Level>4</Level><Task>5</Task><Opcode>0</Opcode><Keywords>0x8000000000000000</Keywords><TimeCreated SystemTime=\"2023-06-06T21:05:33.820665000Z\"/><EventRecordID>15722</EventRecordID><Correlation/><Execution ProcessID=\"1178\" ThreadID=\"1178\"/><Channel>Linux-Sysmon/Operational</Channel><Computer>202-u20-dev-agent</Computer><Security UserId=\"0\"/></System><EventData><Data Name=\"RuleName\">-</Data><Data Name=\"UtcTime\">2023-06-06 21:05:32.024</Data><Data Name=\"ProcessGuid\">{924935dc-9f9c-647f-615e-16b5af550000}</Data><Data Name=\"ProcessId\">5770</Data><Data Name=\"Image\">/usr/bin/git</Data><Data Name=\"User\">-</Data></EventData></Event>",
        "wazuh": {
            "location": "[001] (wazuh-agent-1) any->/test/syslog.log",
            "origin": "/test/syslog.log",
            "source": "logcollector",
            "registered_ip": "any",
            "decoders": [
                "syslog",
                "sysmon-linux"
            ],
            "queue": 49
        },
        "ecs": {
            "version": "8.8"
        },
        "log": {
            "level": "Information"
        }
    }
]
