[
  {
    "event": {
      "original": "May 24 11:16:00 ubuntu2004 sudo:  vagrant : TTY=pts/0 ; PWD=/home/vagrant ; USER=root ; COMMAND=/usr/bin/su",
      "module": "system",
      "outcome": "success",
      "kind": "event",
      "dataset": "system-auth",
      "start": "2023-05-24T11:16:00.000Z"
    },
    "process": {
      "name": "sudo"
    },
    "related": {
      "hosts": [
        "ubuntu2004"
      ]
    },
    "host": {
      "id": "001",
      "hostname": "ubuntu2004"
    },
    "wazuh": {
      "source": "logcollector",
      "decoders": [
        "syslog",
        "system-auth"
      ],
      "queue": 49,
      "location": "[001] (wazuh-agent-1) any->/test/syslog.log",
      "registered_ip": "any",
      "origin": "/test/syslog.log"
    },
    "message": "vagrant : TTY=pts/0 ; PWD=/home/vagrant ; USER=root ; COMMAND=/usr/bin/su",
    "agent": {
      "id": "001",
      "type": "wazuh-agent",
      "name": "wazuh-agent-1"
    },
    "ecs": {
      "version": "8.8"
    }
  }
]
