[
    {
        "agent": {
            "name": "wazuh-agent-1",
            "type": "wazuh-agent",
            "id": "001"
        },
        "log": {
            "logger": "mpm_event",
            "level": "notice"
        },
        "event": {
            "created": "2023-03-14T10:50:33.260Z",
            "type": [
                "info"
            ],
            "category": [
                "web"
            ],
            "module": "apache-http",
            "kind": "event",
            "original": "[Tue Mar 14 10:50:33.260617 2023] [mpm_event:notice] [pid 3651:tid 139732022373440] AH00489: Apache/2.4.41 (Ubuntu) configured -- resuming normal operations",
            "dataset": "apache-error"
        },
        "ecs": {
            "version": "8.8"
        },
        "process": {
            "thread": {
                "id": 139732022373440
            },
            "pid": 3651
        },
        "service": {
            "type": "apache"
        },
        "wazuh": {
            "registered_ip": "any",
            "location": "[001] (wazuh-agent-1) any->/test/syslog.log",
            "queue": 49,
            "origin": "/test/syslog.log",
            "decoders": [
                "apache-error"
            ],
            "source": "logcollector"
        },
        "host": {
            "id": "001"
        },
        "message": "AH00489: Apache/2.4.41 (Ubuntu) configured -- resuming normal operations"
    },
    {
        "log": {
            "logger": "core",
            "level": "notice"
        },
        "message": "AH00094: Command line: '/usr/sbin/apache2'",
        "ecs": {
            "version": "8.8"
        },
        "host": {
            "id": "001"
        },
        "agent": {
            "name": "wazuh-agent-1",
            "type": "wazuh-agent",
            "id": "001"
        },
        "service": {
            "type": "apache"
        },
        "event": {
            "created": "2023-03-14T10:50:33.261Z",
            "dataset": "apache-error",
            "kind": "event",
            "category": [
                "web"
            ],
            "module": "apache-http",
            "original": "[Tue Mar 14 10:50:33.261185 2023] [core:notice] [pid 3651:tid 139732022373440] AH00094: Command line: '/usr/sbin/apache2'",
            "type": [
                "info"
            ]
        },
        "wazuh": {
            "origin": "/test/syslog.log",
            "registered_ip": "any",
            "source": "logcollector",
            "location": "[001] (wazuh-agent-1) any->/test/syslog.log",
            "decoders": [
                "apache-error"
            ],
            "queue": 49
        },
        "process": {
            "thread": {
                "id": 139732022373440
            },
            "pid": 3651
        }
    }
]
