[
  {
    "source": {
      "ip": "202.196.224.106",
      "port": 1786,
      "address": "202.196.224.106"
    },
    "host": {
      "hostname": "slave22",
      "id": "001"
    },
    "related": {
      "user": [
        "root"
      ],
      "ip": [
        "202.196.224.106"
      ],
      "hosts": [
        "slave22"
      ]
    },
    "agent": {
      "type": "wazuh-agent",
      "id": "001",
      "name": "wazuh-agent-1"
    },
    "message": "Failed password for root from 202.196.224.106 port 1786 ssh2",
    "process": {
      "name": "sshd",
      "pid": 2738
    },
    "user": {
      "name": "root"
    },
    "wazuh": {
      "origin": "/test/auth.log",
      "queue": 49,
      "decoders": [
        "syslog",
        "system-auth"
      ],
      "source": "logcollector",
      "location": "[001] (wazuh-agent-1) any->/test/auth.log",
      "registered_ip": "any"
    },
    "ecs": {
      "version": "8.8"
    },
    "event": {
      "outcome": "failure",
      "category": [
        "authentication",
        "session"
      ],
      "type": [
        "access",
        "denied"
      ],
      "dataset": "system-auth",
      "action": "ssh_login",
      "kind": "event",
      "original": "Feb 22 16:45:20 slave22 sshd[2738]: Failed password for root from 202.196.224.106 port 1786 ssh2",
      "start": "2023-02-22T16:45:20.000Z",
      "module": "system"
    }
  },
  {
    "related": {
      "hosts": [
        "slave22"
      ]
    },
    "message": "fatal: Read from socket failed: Connection reset by peer [preauth]",
    "host": {
      "hostname": "slave22",
      "id": "001"
    },
    "agent": {
      "id": "001",
      "type": "wazuh-agent",
      "name": "wazuh-agent-1"
    },
    "ecs": {
      "version": "8.8"
    },
    "event": {
      "dataset": "system-auth",
      "category": [
        "authentication",
        "session"
      ],
      "action": "ssh_login",
      "module": "system",
      "original": "Feb 22 16:45:26 slave22 sshd[2738]: fatal: Read from socket failed: Connection reset by peer [preauth]",
      "outcome": "failure",
      "type": [
        "access",
        "denied"
      ],
      "kind": "event",
      "start": "2023-02-22T16:45:26.000Z"
    },
    "wazuh": {
      "queue": 49,
      "source": "logcollector",
      "registered_ip": "any",
      "location": "[001] (wazuh-agent-1) any->/test/auth.log",
      "decoders": [
        "syslog",
        "system-auth"
      ],
      "origin": "/test/auth.log"
    },
    "process": {
      "pid": 2738,
      "name": "sshd"
    }
  },
  {
    "source": {
      "ip": "202.196.224.106",
      "address": "202.196.224.106"
    },
    "wazuh": {
      "decoders": [
        "syslog",
        "system-auth"
      ],
      "origin": "/test/auth.log",
      "location": "[001] (wazuh-agent-1) any->/test/auth.log",
      "queue": 49,
      "source": "logcollector",
      "registered_ip": "any"
    },
    "related": {
      "ip": [
        "202.196.224.106"
      ],
      "hosts": [
        "slave22"
      ],
      "user": [
        "root"
      ]
    },
    "user": {
      "name": "root",
      "id": "0",
      "effective": {
        "id": "0"
      }
    },
    "host": {
      "hostname": "slave22",
      "id": "001"
    },
    "event": {
      "start": "2023-02-22T16:45:26.000Z",
      "original": "Feb 22 16:45:26 slave22 sshd[2738]: PAM 4 more authentication failures; logname= uid=0 euid=0 tty=ssh ruser= rhost=202.196.224.106  user=root",
      "outcome": "success",
      "module": "system",
      "kind": "event",
      "category": [
        "authentication",
        "session"
      ],
      "dataset": "system-auth"
    },
    "message": "PAM 4 more authentication failures; logname= uid=0 euid=0 tty=ssh ruser= rhost=202.196.224.106  user=root",
    "process": {
      "name": "sshd",
      "pid": 2738
    },
    "agent": {
      "name": "wazuh-agent-1",
      "type": "wazuh-agent",
      "id": "001"
    },
    "ecs": {
      "version": "8.8"
    }
  },
  {
    "message": "pam_unix(sshd:auth): authentication failure; logname= uid=0 euid=0 tty=ssh ruser= rhost=202.196.224.106  user=root",
    "ecs": {
      "version": "8.8"
    },
    "agent": {
      "id": "001",
      "name": "wazuh-agent-1",
      "type": "wazuh-agent"
    },
    "event": {
      "start": "2023-02-22T16:45:32.000Z",
      "outcome": "failure",
      "module": "system",
      "dataset": "system-auth",
      "kind": "event",
      "original": "Feb 22 16:45:32 slave22 sshd[2742]: pam_unix(sshd:auth): authentication failure; logname= uid=0 euid=0 tty=ssh ruser= rhost=202.196.224.106  user=root",
      "category": [
        "authentication",
        "session"
      ]
    },
    "source": {
      "address": "202.196.224.106",
      "ip": "202.196.224.106"
    },
    "process": {
      "pid": 2742,
      "name": "sshd"
    },
    "related": {
      "ip": [
        "202.196.224.106"
      ],
      "hosts": [
        "slave22"
      ],
      "user": [
        "root"
      ]
    },
    "user": {
      "name": "root",
      "id": "0",
      "effective": {
        "id": "0"
      }
    },
    "host": {
      "hostname": "slave22",
      "id": "001"
    },
    "wazuh": {
      "queue": 49,
      "registered_ip": "any",
      "origin": "/test/auth.log",
      "location": "[001] (wazuh-agent-1) any->/test/auth.log",
      "decoders": [
        "syslog",
        "system-auth"
      ],
      "source": "logcollector"
    }
  },
  {
    "source": {
      "ip": "216.160.83.58",
      "address": "216.160.83.58"
    },
    "process": {
      "pid": 2758,
      "name": "sshd"
    },
    "agent": {
      "id": "001",
      "type": "wazuh-agent",
      "name": "wazuh-agent-1"
    },
    "wazuh": {
      "origin": "/test/auth.log",
      "source": "logcollector",
      "registered_ip": "any",
      "decoders": [
        "syslog",
        "system-auth"
      ],
      "location": "[001] (wazuh-agent-1) any->/test/auth.log",
      "queue": 49
    },
    "ecs": {
      "version": "8.8"
    },
    "event": {
      "outcome": "success",
      "module": "system",
      "action": "ssh_login",
      "dataset": "system-auth",
      "kind": "event",
      "start": "2023-02-22T16:46:03.000Z",
      "original": "Feb 22 16:46:03 slave22 sshd[2758]: Received disconnect from 216.160.83.58: 11:  [preauth]",
      "type": [
        "end"
      ],
      "category": [
        "authentication",
        "session"
      ]
    },
    "related": {
      "hosts": [
        "slave22"
      ],
      "ip": [
        "216.160.83.58"
      ]
    },
    "message": "Received disconnect from 216.160.83.58: 11:  [preauth]",
    "host": {
      "hostname": "slave22",
      "id": "001"
    }
  },
  {
    "source": {
      "address": "69.245.39.97",
      "port": 34202,
      "ip": "69.245.39.97"
    },
    "message": "Accepted publickey for drewr from 69.245.39.97 port 34202 ssh2: RSA 01:67:32:d9:b3:20:5d:2d:5f:b4:35:c5:a5:8b:0a:5e",
    "event": {
      "category": [
        "authentication",
        "session"
      ],
      "type": [
        "access",
        "allowed"
      ],
      "start": "2023-02-22T16:48:04.000Z",
      "module": "system",
      "dataset": "system-auth",
      "kind": "event",
      "action": "ssh_login",
      "outcome": "success",
      "original": "Feb 22 16:48:04 slave22 sshd[2805]: Accepted publickey for drewr from 69.245.39.97 port 34202 ssh2: RSA 01:67:32:d9:b3:20:5d:2d:5f:b4:35:c5:a5:8b:0a:5e"
    },
    "user": {
      "name": "drewr"
    },
    "related": {
      "hosts": [
        "slave22"
      ],
      "ip": [
        "69.245.39.97"
      ],
      "user": [
        "drewr"
      ]
    },
    "ecs": {
      "version": "8.8"
    },
    "process": {
      "name": "sshd",
      "pid": 2805
    },
    "host": {
      "id": "001",
      "hostname": "slave22"
    },
    "wazuh": {
      "decoders": [
        "syslog",
        "system-auth"
      ],
      "source": "logcollector",
      "location": "[001] (wazuh-agent-1) any->/test/auth.log",
      "queue": 49,
      "registered_ip": "any",
      "origin": "/test/auth.log"
    },
    "agent": {
      "name": "wazuh-agent-1",
      "type": "wazuh-agent",
      "id": "001"
    }
  },
  {
    "agent": {
      "name": "wazuh-agent-1",
      "id": "001",
      "type": "wazuh-agent"
    },
    "host": {
      "id": "001",
      "hostname": "slave22"
    },
    "process": {
      "name": "sshd",
      "pid": 2805
    },
    "wazuh": {
      "registered_ip": "any",
      "origin": "/test/auth.log",
      "source": "logcollector",
      "location": "[001] (wazuh-agent-1) any->/test/auth.log",
      "queue": 49,
      "decoders": [
        "syslog",
        "system-auth"
      ]
    },
    "related": {
      "user": [
        "drewr"
      ],
      "hosts": [
        "slave22"
      ]
    },
    "user": {
      "id": "0",
      "name": "drewr"
    },
    "ecs": {
      "version": "8.8"
    },
    "event": {
      "outcome": "success",
      "module": "system",
      "category": [
        "authentication",
        "session"
      ],
      "type": [
        "start"
      ],
      "dataset": "system-auth",
      "kind": "event",
      "original": "Feb 22 16:48:04 slave22 sshd[2805]: pam_unix(sshd:session): session opened for user drewr by (uid=0)",
      "start": "2023-02-22T16:48:04.000Z"
    },
    "message": "pam_unix(sshd:session): session opened for user drewr by (uid=0)"
  },
  {
    "process": {
      "name": "sshd",
      "pid": 3064
    },
    "ecs": {
      "version": "8.8"
    },
    "host": {
      "hostname": "slave22",
      "id": "001"
    },
    "message": "Disconnecting: Too many authentication failures for root [preauth]",
    "event": {
      "original": "Feb 22 16:59:35 slave22 sshd[3064]: Disconnecting: Too many authentication failures for root [preauth]",
      "start": "2023-02-22T16:59:35.000Z",
      "dataset": "system-auth",
      "type": [
        "access",
        "denied"
      ],
      "outcome": "failure",
      "module": "system",
      "kind": "event",
      "action": "ssh_login",
      "category": [
        "authentication",
        "session"
      ]
    },
    "related": {
      "user": [
        "root"
      ],
      "hosts": [
        "slave22"
      ]
    },
    "agent": {
      "type": "wazuh-agent",
      "name": "wazuh-agent-1",
      "id": "001"
    },
    "user": {
      "name": "root"
    },
    "wazuh": {
      "registered_ip": "any",
      "source": "logcollector",
      "location": "[001] (wazuh-agent-1) any->/test/auth.log",
      "queue": 49,
      "decoders": [
        "syslog",
        "system-auth"
      ],
      "origin": "/test/auth.log"
    }
  }
]
